Archive member included to satisfy reference by file (symbol)

C:/ST/STM32CubeIDE_1.14.1/STM32CubeIDE/plugins/com.st.stm32cube.ide.mcu.externaltools.gnu-tools-for-stm32.11.3.rel1.win32_1.1.100.202309141235/tools/bin/../lib/gcc/arm-none-eabi/11.3.1/../../../../arm-none-eabi/lib/thumb/v7e-m+fp/hard\libm.a(libm_a-w_atan2.o)
                              ./Core/Src/mpu9250.o (atan2)
C:/ST/STM32CubeIDE_1.14.1/STM32CubeIDE/plugins/com.st.stm32cube.ide.mcu.externaltools.gnu-tools-for-stm32.11.3.rel1.win32_1.1.100.202309141235/tools/bin/../lib/gcc/arm-none-eabi/11.3.1/../../../../arm-none-eabi/lib/thumb/v7e-m+fp/hard\libm.a(libm_a-w_sqrt.o)
                              ./Core/Src/mpu9250.o (sqrt)
C:/ST/STM32CubeIDE_1.14.1/STM32CubeIDE/plugins/com.st.stm32cube.ide.mcu.externaltools.gnu-tools-for-stm32.11.3.rel1.win32_1.1.100.202309141235/tools/bin/../lib/gcc/arm-none-eabi/11.3.1/../../../../arm-none-eabi/lib/thumb/v7e-m+fp/hard\libm.a(libm_a-e_sqrt.o)
                              C:/ST/STM32CubeIDE_1.14.1/STM32CubeIDE/plugins/com.st.stm32cube.ide.mcu.externaltools.gnu-tools-for-stm32.11.3.rel1.win32_1.1.100.202309141235/tools/bin/../lib/gcc/arm-none-eabi/11.3.1/../../../../arm-none-eabi/lib/thumb/v7e-m+fp/hard\libm.a(libm_a-w_sqrt.o) (__ieee754_sqrt)
C:/ST/STM32CubeIDE_1.14.1/STM32CubeIDE/plugins/com.st.stm32cube.ide.mcu.externaltools.gnu-tools-for-stm32.11.3.rel1.win32_1.1.100.202309141235/tools/bin/../lib/gcc/arm-none-eabi/11.3.1/../../../../arm-none-eabi/lib/thumb/v7e-m+fp/hard\libm.a(libm_a-e_atan2.o)
                              C:/ST/STM32CubeIDE_1.14.1/STM32CubeIDE/plugins/com.st.stm32cube.ide.mcu.externaltools.gnu-tools-for-stm32.11.3.rel1.win32_1.1.100.202309141235/tools/bin/../lib/gcc/arm-none-eabi/11.3.1/../../../../arm-none-eabi/lib/thumb/v7e-m+fp/hard\libm.a(libm_a-w_atan2.o) (__ieee754_atan2)
C:/ST/STM32CubeIDE_1.14.1/STM32CubeIDE/plugins/com.st.stm32cube.ide.mcu.externaltools.gnu-tools-for-stm32.11.3.rel1.win32_1.1.100.202309141235/tools/bin/../lib/gcc/arm-none-eabi/11.3.1/../../../../arm-none-eabi/lib/thumb/v7e-m+fp/hard\libm.a(libm_a-s_atan.o)
                              C:/ST/STM32CubeIDE_1.14.1/STM32CubeIDE/plugins/com.st.stm32cube.ide.mcu.externaltools.gnu-tools-for-stm32.11.3.rel1.win32_1.1.100.202309141235/tools/bin/../lib/gcc/arm-none-eabi/11.3.1/../../../../arm-none-eabi/lib/thumb/v7e-m+fp/hard\libm.a(libm_a-e_atan2.o) (atan)
C:/ST/STM32CubeIDE_1.14.1/STM32CubeIDE/plugins/com.st.stm32cube.ide.mcu.externaltools.gnu-tools-for-stm32.11.3.rel1.win32_1.1.100.202309141235/tools/bin/../lib/gcc/arm-none-eabi/11.3.1/../../../../arm-none-eabi/lib/thumb/v7e-m+fp/hard\libm.a(libm_a-s_fabs.o)
                              C:/ST/STM32CubeIDE_1.14.1/STM32CubeIDE/plugins/com.st.stm32cube.ide.mcu.externaltools.gnu-tools-for-stm32.11.3.rel1.win32_1.1.100.202309141235/tools/bin/../lib/gcc/arm-none-eabi/11.3.1/../../../../arm-none-eabi/lib/thumb/v7e-m+fp/hard\libm.a(libm_a-e_atan2.o) (fabs)
C:/ST/STM32CubeIDE_1.14.1/STM32CubeIDE/plugins/com.st.stm32cube.ide.mcu.externaltools.gnu-tools-for-stm32.11.3.rel1.win32_1.1.100.202309141235/tools/bin/../lib/gcc/arm-none-eabi/11.3.1/../../../../arm-none-eabi/lib/thumb/v7e-m+fp/hard\libc_nano.a(libc_a-exit.o)
                              C:/ST/STM32CubeIDE_1.14.1/STM32CubeIDE/plugins/com.st.stm32cube.ide.mcu.externaltools.gnu-tools-for-stm32.11.3.rel1.win32_1.1.100.202309141235/tools/bin/../lib/gcc/arm-none-eabi/11.3.1/../../../../arm-none-eabi/lib/thumb/v7e-m+fp/hard/crt0.o (exit)
C:/ST/STM32CubeIDE_1.14.1/STM32CubeIDE/plugins/com.st.stm32cube.ide.mcu.externaltools.gnu-tools-for-stm32.11.3.rel1.win32_1.1.100.202309141235/tools/bin/../lib/gcc/arm-none-eabi/11.3.1/../../../../arm-none-eabi/lib/thumb/v7e-m+fp/hard\libc_nano.a(libc_a-realloc.o)
                              ./Core/Src/main.o (realloc)
C:/ST/STM32CubeIDE_1.14.1/STM32CubeIDE/plugins/com.st.stm32cube.ide.mcu.externaltools.gnu-tools-for-stm32.11.3.rel1.win32_1.1.100.202309141235/tools/bin/../lib/gcc/arm-none-eabi/11.3.1/../../../../arm-none-eabi/lib/thumb/v7e-m+fp/hard\libc_nano.a(libc_a-reallocr.o)
                              C:/ST/STM32CubeIDE_1.14.1/STM32CubeIDE/plugins/com.st.stm32cube.ide.mcu.externaltools.gnu-tools-for-stm32.11.3.rel1.win32_1.1.100.202309141235/tools/bin/../lib/gcc/arm-none-eabi/11.3.1/../../../../arm-none-eabi/lib/thumb/v7e-m+fp/hard\libc_nano.a(libc_a-realloc.o) (_realloc_r)
C:/ST/STM32CubeIDE_1.14.1/STM32CubeIDE/plugins/com.st.stm32cube.ide.mcu.externaltools.gnu-tools-for-stm32.11.3.rel1.win32_1.1.100.202309141235/tools/bin/../lib/gcc/arm-none-eabi/11.3.1/../../../../arm-none-eabi/lib/thumb/v7e-m+fp/hard\libc_nano.a(libc_a-nano-vfprintf_float.o)
                              (_printf_float)
C:/ST/STM32CubeIDE_1.14.1/STM32CubeIDE/plugins/com.st.stm32cube.ide.mcu.externaltools.gnu-tools-for-stm32.11.3.rel1.win32_1.1.100.202309141235/tools/bin/../lib/gcc/arm-none-eabi/11.3.1/../../../../arm-none-eabi/lib/thumb/v7e-m+fp/hard\libc_nano.a(libc_a-nano-vfprintf_i.o)
[...]
Memory Configuration

Name             Origin             Length             Attributes
RAM              0x0000000020000000 0x0000000000020000 xrw
FLASH            0x0000000008000000 0x0000000000080000 xr
*default*        0x0000000000000000 0xffffffffffffffff

Linker script and memory map

LOAD C:/ST/STM32CubeIDE_1.14.1/STM32CubeIDE/plugins/com.st.stm32cube.ide.mcu.externaltools.gnu-tools-for-stm32.11.3.rel1.win32_1.1.100.202309141235/tools/bin/../lib/gcc/arm-none-eabi/11.3.1/thumb/v7e-m+fp/hard/crti.o
LOAD C:/ST/STM32CubeIDE_1.14.1/STM32CubeIDE/plugins/com.st.stm32cube.ide.mcu.externaltools.gnu-tools-for-stm32.11.3.rel1.win32_1.1.100.202309141235/tools/bin/../lib/gcc/arm-none-eabi/11.3.1/thumb/v7e-m+fp/hard/crtbegin.o
LOAD C:/ST/STM32CubeIDE_1.14.1/STM32CubeIDE/plugins/com.st.stm32cube.ide.mcu.externaltools.gnu-tools-for-stm32.11.3.rel1.win32_1.1.100.202309141235/tools/bin/../lib/gcc/arm-none-eabi/11.3.1/../../../../arm-none-eabi/lib/thumb/v7e-m+fp/hard/crt0.o
LOAD ./Core/Inc/duration.o
LOAD ./Core/Inc/time.o
LOAD ./Core/Src/main.o
LOAD ./Core/Src/motor_pid.o
LOAD ./Core/Src/mpu9250.o
LOAD ./Core/Src/stm32f4xx_hal_msp.o
LOAD ./Core/Src/stm32f4xx_it.o
LOAD ./Core/Src/syscalls.o
LOAD ./Core/Src/sysmem.o
LOAD ./Core/Src/system_stm32f4xx.o
LOAD ./Core/Startup/startup_stm32f446retx.o
LOAD ./Drivers/STM32F4xx_HAL_Driver/Src/stm32f4xx_hal.o
LOAD ./Drivers/STM32F4xx_HAL_Driver/Src/stm32f4xx_hal_cortex.o
LOAD ./Drivers/STM32F4xx_HAL_Driver/Src/stm32f4xx_hal_dma.o
LOAD ./Drivers/STM32F4xx_HAL_Driver/Src/stm32f4xx_hal_dma_ex.o
LOAD ./Drivers/STM32F4xx_HAL_Driver/Src/stm32f4xx_hal_exti.o
LOAD ./Drivers/STM32F4xx_HAL_Driver/Src/stm32f4xx_hal_flash.o
LOAD ./Drivers/STM32F4xx_HAL_Driver/Src/stm32f4xx_hal_flash_ex.o
LOAD ./Drivers/STM32F4xx_HAL_Driver/Src/stm32f4xx_hal_flash_ramfunc.o
LOAD ./Drivers/STM32F4xx_HAL_Driver/Src/stm32f4xx_hal_gpio.o
LOAD ./Drivers/STM32F4xx_HAL_Driver/Src/stm32f4xx_hal_i2c.o
LOAD ./Drivers/STM32F4xx_HAL_Driver/Src/stm32f4xx_hal_i2c_ex.o
LOAD ./Drivers/STM32F4xx_HAL_Driver/Src/stm32f4xx_hal_pwr.o
LOAD ./Drivers/STM32F4xx_HAL_Driver/Src/stm32f4xx_hal_pwr_ex.o
LOAD ./Drivers/STM32F4xx_HAL_Driver/Src/stm32f4xx_hal_rcc.o
LOAD ./Drivers/STM32F4xx_HAL_Driver/Src/stm32f4xx_hal_rcc_ex.o
LOAD ./Drivers/STM32F4xx_HAL_Driver/Src/stm32f4xx_hal_tim.o
LOAD ./Drivers/STM32F4xx_HAL_Driver/Src/stm32f4xx_hal_tim_ex.o
LOAD ./Drivers/STM32F4xx_HAL_Driver/Src/stm32f4xx_hal_uart.o
START GROUP
LOAD C:/ST/STM32CubeIDE_1.14.1/STM32CubeIDE/plugins/com.st.stm32cube.ide.mcu.externaltools.gnu-tools-for-stm32.11.3.rel1.win32_1.1.100.202309141235/tools/bin/../lib/gcc/arm-none-eabi/11.3.1/../../../../arm-none-eabi/lib/thumb/v7e-m+fp/hard\libstdc++_nano.a
LOAD C:/ST/STM32CubeIDE_1.14.1/STM32CubeIDE/plugins/com.st.stm32cube.ide.mcu.externaltools.gnu-tools-for-stm32.11.3.rel1.win32_1.1.100.202309141235/tools/bin/../lib/gcc/arm-none-eabi/11.3.1/../../../../arm-none-eabi/lib/thumb/v7e-m+fp/hard\libsupc++_nano.a
END GROUP
LOAD C:/ST/STM32CubeIDE_1.14.1/STM32CubeIDE/plugins/com.st.stm32cube.ide.mcu.externaltools.gnu-tools-for-stm32.11.3.rel1.win32_1.1.100.202309141235/tools/bin/../lib/gcc/arm-none-eabi/11.3.1/../../../../arm-none-eabi/lib/thumb/v7e-m+fp/hard\libstdc++_nano.a
LOAD C:/ST/STM32CubeIDE_1.14.1/STM32CubeIDE/plugins/com.st.stm32cube.ide.mcu.externaltools.gnu-tools-for-stm32.11.3.rel1.win32_1.1.100.202309141235/tools/bin/../lib/gcc/arm-none-eabi/11.3.1/../../../../arm-none-eabi/lib/thumb/v7e-m+fp/hard\libm.a
LOAD C:/ST/STM32CubeIDE_1.14.1/STM32CubeIDE/plugins/com.st.stm32cube.ide.mcu.externaltools.gnu-tools-for-stm32.11.3.rel1.win32_1.1.100.202309141235/tools/bin/../lib/gcc/arm-none-eabi/11.3.1/../../../../arm-none-eabi/lib/thumb/v7e-m+fp/hard\libc_nano.a
START GROUP
LOAD C:/ST/STM32CubeIDE_1.14.1/STM32CubeIDE/plugins/com.st.stm32cube.ide.mcu.externaltools.gnu-tools-for-stm32.11.3.rel1.win32_1.1.100.202309141235/tools/bin/../lib/gcc/arm-none-eabi/11.3.1/thumb/v7e-m+fp/hard\libgcc.a
LOAD C:/ST/STM32CubeIDE_1.14.1/STM32CubeIDE/plugins/com.st.stm32cube.ide.mcu.externaltools.gnu-tools-for-stm32.11.3.rel1.win32_1.1.100.202309141235/tools/bin/../lib/gcc/arm-none-eabi/11.3.1/../../../../arm-none-eabi/lib/thumb/v7e-m+fp/hard\libc_nano.a
END GROUP
START GROUP
LOAD C:/ST/STM32CubeIDE_1.14.1/STM32CubeIDE/plugins/com.st.stm32cube.ide.mcu.externaltools.gnu-tools-for-stm32.11.3.rel1.win32_1.1.100.202309141235/tools/bin/../lib/gcc/arm-none-eabi/11.3.1/thumb/v7e-m+fp/hard\libgcc.a
LOAD C:/ST/STM32CubeIDE_1.14.1/STM32CubeIDE/plugins/com.st.stm32cube.ide.mcu.externaltools.gnu-tools-for-stm32.11.3.rel1.win32_1.1.100.202309141235/tools/bin/../lib/gcc/arm-none-eabi/11.3.1/../../../../arm-none-eabi/lib/thumb/v7e-m+fp/hard\libc_nano.a
LOAD C:/ST/STM32CubeIDE_1.14.1/STM32CubeIDE/plugins/com.st.stm32cube.ide.mcu.externaltools.gnu-tools-for-stm32.11.3.rel1.win32_1.1.100.202309141235/tools/bin/../lib/gcc/arm-none-eabi/11.3.1/../../../../arm-none-eabi/lib/thumb/v7e-m+fp/hard\libnosys.a
END GROUP
START GROUP
LOAD C:/ST/STM32CubeIDE_1.14.1/STM32CubeIDE/plugins/com.st.stm32cube.ide.mcu.externaltools.gnu-tools-for-stm32.11.3.rel1.win32_1.1.100.202309141235/tools/bin/../lib/gcc/arm-none-eabi/11.3.1/thumb/v7e-m+fp/hard\libgcc.a
LOAD C:/ST/STM32CubeIDE_1.14.1/STM32CubeIDE/plugins/com.st.stm32cube.ide.mcu.externaltools.gnu-tools-for-stm32.11.3.rel1.win32_1.1.100.202309141235/tools/bin/../lib/gcc/arm-none-eabi/11.3.1/../../../../arm-none-eabi/lib/thumb/v7e-m+fp/hard\libc_nano.a
LOAD C:/ST/STM32CubeIDE_1.14.1/STM32CubeIDE/plugins/com.st.stm32cube.ide.mcu.externaltools.gnu-tools-for-stm32.11.3.rel1.win32_1.1.100.202309141235/tools/bin/../lib/gcc/arm-none-eabi/11.3.1/../../../../arm-none-eabi/lib/thumb/v7e-m+fp/hard\libnosys.a
END GROUP
LOAD C:/ST/STM32CubeIDE_1.14.1/STM32CubeIDE/plugins/com.st.stm32cube.ide.mcu.externaltools.gnu-tools-for-stm32.11.3.rel1.win32_1.1.100.202309141235/tools/bin/../lib/gcc/arm-none-eabi/11.3.1/thumb/v7e-m+fp/hard/crtend.o
LOAD C:/ST/STM32CubeIDE_1.14.1/STM32CubeIDE/plugins/com.st.stm32cube.ide.mcu.externaltools.gnu-tools-for-stm32.11.3.rel1.win32_1.1.100.202309141235/tools/bin/../lib/gcc/arm-none-eabi/11.3.1/thumb/v7e-m+fp/hard/crtn.o
                0x0000000020020000                _estack = (ORIGIN (RAM) + LENGTH (RAM))
                0x0000000000000200                _Min_Heap_Size = 0x200
                0x0000000000000400                _Min_Stack_Size = 0x400

.isr_vector     0x0000000008000000      0x1c4
                0x0000000008000000                . = ALIGN (0x4)
 *(.isr_vector)
 .isr_vector    0x0000000008000000      0x1c4 ./Core/Startup/startup_stm32f446retx.o
                0x0000000008000000                g_pfnVectors
                0x00000000080001c4                . = ALIGN (0x4)

.text           0x00000000080001d0    0x12ad0
                0x00000000080001d0                . = ALIGN (0x4)
 *(.text)
 .text          0x00000000080001d0       0x40 C:/ST/STM32CubeIDE_1.14.1/STM32CubeIDE/plugins/com.st.stm32cube.ide.mcu.externaltools.gnu-tools-for-stm32.11.3.rel1.win32_1.1.100.202309141235/tools/bin/../lib/gcc/arm-none-eabi/11.3.1/thumb/v7e-m+fp/hard/crtbegin.o
 .text          0x0000000008000210       0xa0 C:/ST/STM32CubeIDE_1.14.1/STM32CubeIDE/plugins/com.st.stm32cube.ide.mcu.externaltools.gnu-tools-for-stm32.11.3.rel1.win32_1.1.100.202309141235/tools/bin/../lib/gcc/arm-none-eabi/11.3.1/../../../../arm-none-eabi/lib/thumb/v7e-m+fp/hard\libc_nano.a(libc_a-memchr.o)
                0x0000000008000210                memchr
 .text          0x00000000080002b0       0x10 C:/ST/STM32CubeIDE_1.14.1/STM32CubeIDE/plugins/com.st.stm32cube.ide.mcu.externaltools.gnu-tools-for-stm32.11.3.rel1.win32_1.1.100.202309141235/tools/bin/../lib/gcc/arm-none-eabi/11.3.1/../../../../arm-none-eabi/lib/thumb/v7e-m+fp/hard\libc_nano.a(libc_a-strlen.o)
                0x00000000080002b0                strlen
 .text          0x00000000080002c0      0x378 C:/ST/STM32CubeIDE_1.14.1/STM32CubeIDE/plugins/com.st.stm32cube.ide.mcu.externaltools.gnu-tools-for-stm32.11.3.rel1.win32_1.1.100.202309141235/tools/bin/../lib/gcc/arm-none-eabi/11.3.1/thumb/v7e-m+fp/hard\libgcc.a(_arm_addsubdf3.o)
                0x00000000080002c0                __aeabi_drsub
                0x00000000080002c8                __aeabi_dsub
                0x00000000080002c8                __subdf3
                0x00000000080002cc                __aeabi_dadd
                0x00000000080002cc                __adddf3
                0x0000000008000544                __floatunsidf
                0x0000000008000544                __aeabi_ui2d
                0x0000000008000564                __floatsidf
                0x0000000008000564                __aeabi_i2d
                0x0000000008000588                __aeabi_f2d
                0x0000000008000588                __extendsfdf2
                0x00000000080005cc                __floatundidf
                0x00000000080005cc                __aeabi_ul2d
                0x00000000080005dc                __floatdidf
                0x00000000080005dc                __aeabi_l2d
 .text          0x0000000008000638      0x424 C:/ST/STM32CubeIDE_1.14.1/STM32CubeIDE/plugins/com.st.stm32cube.ide.mcu.externaltools.gnu-tools-for-stm32.11.3.rel1.win32_1.1.100.202309141235/tools/bin/../lib/gcc/arm-none-eabi/11.3.1/thumb/v7e-m+fp/hard\libgcc.a(_arm_muldivdf3.o)
                0x0000000008000638                __aeabi_dmul
                0x0000000008000638                __muldf3
                0x000000000800088c                __divdf3
                0x000000000800088c                __aeabi_ddiv
 .text          0x0000000008000a5c      0x110 C:/ST/STM32CubeIDE_1.14.1/STM32CubeIDE/plugins/com.st.stm32cube.ide.mcu.externaltools.gnu-tools-for-stm32.11.3.rel1.win32_1.1.100.202309141235/tools/bin/../lib/gcc/arm-none-eabi/11.3.1/thumb/v7e-m+fp/hard\libgcc.a(_arm_cmpdf2.o)
                0x0000000008000a5c                __gtdf2
                0x0000000008000a5c                __gedf2
                0x0000000008000a64                __ltdf2
                0x0000000008000a64                __ledf2
                0x0000000008000a6c                __nedf2
                0x0000000008000a6c                __eqdf2
                0x0000000008000a6c                __cmpdf2
                0x0000000008000ae8                __aeabi_cdrcmple
                0x0000000008000af8                __aeabi_cdcmpeq
                0x0000000008000af8                __aeabi_cdcmple
                0x0000000008000b08                __aeabi_dcmpeq
                0x0000000008000b1c                __aeabi_dcmplt
                0x0000000008000b30                __aeabi_dcmple
                0x0000000008000b44                __aeabi_dcmpge
                0x0000000008000b58                __aeabi_dcmpgt
 .text          0x0000000008000b6c       0x2c C:/ST/STM32CubeIDE_1.14.1/STM32CubeIDE/plugins/com.st.stm32cube.ide.mcu.externaltools.gnu-tools-for-stm32.11.3.rel1.win32_1.1.100.202309141235/tools/bin/../lib/gcc/arm-none-eabi/11.3.1/thumb/v7e-m+fp/hard\libgcc.a(_arm_unorddf2.o)
                0x0000000008000b6c                __unorddf2
                0x0000000008000b6c                __aeabi_dcmpun
 .text          0x0000000008000b98       0x50 C:/ST/STM32CubeIDE_1.14.1/STM32CubeIDE/plugins/com.st.stm32cube.ide.mcu.externaltools.gnu-tools-for-stm32.11.3.rel1.win32_1.1.100.202309141235/tools/bin/../lib/gcc/arm-none-eabi/11.3.1/thumb/v7e-m+fp/hard\libgcc.a(_arm_fixdfsi.o)
                0x0000000008000b98                __aeabi_d2iz
                0x0000000008000b98                __fixdfsi
 .text          0x0000000008000be8       0x40 C:/ST/STM32CubeIDE_1.14.1/STM32CubeIDE/plugins/com.st.stm32cube.ide.mcu.externaltools.gnu-tools-for-stm32.11.3.rel1.win32_1.1.100.202309141235/tools/bin/../lib/gcc/arm-none-eabi/11.3.1/thumb/v7e-m+fp/hard\libgcc.a(_arm_fixunsdfsi.o)
                0x0000000008000be8                __aeabi_d2uiz
                0x0000000008000be8                __fixunsdfsi
 .text          0x0000000008000c28       0xa0 C:/ST/STM32CubeIDE_1.14.1/STM32CubeIDE/plugins/com.st.stm32cube.ide.mcu.externaltools.gnu-tools-for-stm32.11.3.rel1.win32_1.1.100.202309141235/tools/bin/../lib/gcc/arm-none-eabi/11.3.1/thumb/v7e-m+fp/hard\libgcc.a(_arm_truncdfsf2.o)
                0x0000000008000c28                __truncdfsf2
                0x0000000008000c28                __aeabi_d2f
 .text          0x0000000008000cc8       0x30 C:/ST/STM32CubeIDE_1.14.1/STM32CubeIDE/plugins/com.st.stm32cube.ide.mcu.externaltools.gnu-tools-for-stm32.11.3.rel1.win32_1.1.100.202309141235/tools/bin/../lib/gcc/arm-none-eabi/11.3.1/thumb/v7e-m+fp/hard\libgcc.a(_aeabi_uldivmod.o)
                0x0000000008000cc8                __aeabi_uldivmod
 .text          0x0000000008000cf8       0x30 C:/ST/STM32CubeIDE_1.14.1/STM32CubeIDE/plugins/com.st.stm32cube.ide.mcu.externaltools.gnu-tools-for-stm32.11.3.rel1.win32_1.1.100.202309141235/tools/bin/../lib/gcc/arm-none-eabi/11.3.1/thumb/v7e-m+fp/hard\libgcc.a(_fixdfdi.o)
                0x0000000008000cf8                __fixdfdi
                0x0000000008000cf8                __aeabi_d2lz
 .text          0x0000000008000d28       0x3c C:/ST/STM32CubeIDE_1.14.1/STM32CubeIDE/plugins/com.st.stm32cube.ide.mcu.externaltools.gnu-tools-for-stm32.11.3.rel1.win32_1.1.100.202309141235/tools/bin/../lib/gcc/arm-none-eabi/11.3.1/thumb/v7e-m+fp/hard\libgcc.a(_fixunsdfdi.o)
                0x0000000008000d28                __fixunsdfdi
                0x0000000008000d28                __aeabi_d2ulz
 .text          0x0000000008000d64      0x2c8 C:/ST/STM32CubeIDE_1.14.1/STM32CubeIDE/plugins/com.st.stm32cube.ide.mcu.externaltools.gnu-tools-for-stm32.11.3.rel1.win32_1.1.100.202309141235/tools/bin/../lib/gcc/arm-none-eabi/11.3.1/thumb/v7e-m+fp/hard\libgcc.a(_udivmoddi4.o)
                0x0000000008000d64                __udivmoddi4
 .text          0x000000000800102c        0x4 C:/ST/STM32CubeIDE_1.14.1/STM32CubeIDE/plugins/com.st.stm32cube.ide.mcu.externaltools.gnu-tools-for-stm32.11.3.rel1.win32_1.1.100.202309141235/tools/bin/../lib/gcc/arm-none-eabi/11.3.1/thumb/v7e-m+fp/hard\libgcc.a(_dvmd_tls.o)
                0x000000000800102c                __aeabi_idiv0
                0x000000000800102c                __aeabi_ldiv0
 *(.text*)
 .text._ZN3ros22normalizeSecNSecSignedERlS0_
                0x0000000008001030       0x64 ./Core/Inc/duration.o
                0x0000000008001030                ros::normalizeSecNSecSigned(long&, long&)
 .text._ZN3ros8DurationC2Ev
                0x0000000008001094       0x22 ./Core/Inc/time.o
                0x0000000008001094                ros::Duration::Duration()
                0x0000000008001094                ros::Duration::Duration()
 *fill*         0x00000000080010b6        0x2 
 .text._ZN3ros16normalizeSecNSecERmS0_
                0x00000000080010b8       0x58 ./Core/Inc/time.o
                0x00000000080010b8                ros::normalizeSecNSec(unsigned long&, unsigned long&)
 .text._ZNK3ros4TimemiERKS0_
                0x0000000008001110       0x48 ./Core/Inc/time.o
                0x0000000008001110                ros::Time::operator-(ros::Time const&) const
 .text._ZN7MPU92509getAngleXEv
                0x0000000008001158       0x24 ./Core/Src/main.o
                0x0000000008001158                MPU9250::getAngleX()
 .text._ZN7MPU92509getAngleYEv
                0x000000000800117c       0x24 ./Core/Src/main.o
                0x000000000800117c                MPU9250::getAngleY()
 .text._ZN7MPU92509getAngleZEv
                0x00000000080011a0       0x24 ./Core/Src/main.o
                0x00000000080011a0                MPU9250::getAngleZ()
 *fill*         0x00000000080011c4        0x4 
 .text._ZNK3ros8Duration5toSecEv
                0x00000000080011c8       0x58 ./Core/Src/main.o
                0x00000000080011c8                ros::Duration::toSec() const
 .text._ZN3ros4TimeC2Ev
                0x0000000008001220       0x22 ./Core/Src/main.o
                0x0000000008001220                ros::Time::Time()
                0x0000000008001220                ros::Time::Time()
 *fill*         0x0000000008001242        0x2 
 .text._ZN3ros3MsgC2Ev
                0x0000000008001244       0x20 ./Core/Src/main.o
                0x0000000008001244                ros::Msg::Msg()
                0x0000000008001244                ros::Msg::Msg()
 .text._ZN8std_msgs4TimeC2Ev
                0x0000000008001264       0x30 ./Core/Src/main.o
                0x0000000008001264                std_msgs::Time::Time()
                0x0000000008001264                std_msgs::Time::Time()
 .text._ZNK8std_msgs4Time9serializeEPh
                0x0000000008001294       0xb0 ./Core/Src/main.o
                0x0000000008001294                std_msgs::Time::serialize(unsigned char*) const
 .text._ZN8std_msgs4Time11deserializeEPh
                0x0000000008001344       0xc8 ./Core/Src/main.o
                0x0000000008001344                std_msgs::Time::deserialize(unsigned char*)
 .text._ZN8std_msgs4Time7getTypeEv
                0x000000000800140c       0x1c ./Core/Src/main.o
                0x000000000800140c                std_msgs::Time::getType()
 .text._ZN8std_msgs4Time6getMD5Ev
                0x0000000008001428       0x1c ./Core/Src/main.o
                0x0000000008001428                std_msgs::Time::getMD5()
 .text._ZN14rosserial_msgs9TopicInfoC2Ev
                0x0000000008001444       0x48 ./Core/Src/main.o
                0x0000000008001444                rosserial_msgs::TopicInfo::TopicInfo()
                0x0000000008001444                rosserial_msgs::TopicInfo::TopicInfo()
 .text._ZNK14rosserial_msgs9TopicInfo9serializeEPh
                0x000000000800148c      0x136 ./Core/Src/main.o
                0x000000000800148c                rosserial_msgs::TopicInfo::serialize(unsigned char*) const
 .text._ZN14rosserial_msgs9TopicInfo11deserializeEPh
                0x00000000080015c2      0x1d0 ./Core/Src/main.o
                0x00000000080015c2                rosserial_msgs::TopicInfo::deserialize(unsigned char*)
 *fill*         0x0000000008001792        0x2 
 .text._ZN14rosserial_msgs9TopicInfo7getTypeEv
                0x0000000008001794       0x1c ./Core/Src/main.o
                0x0000000008001794                rosserial_msgs::TopicInfo::getType()
 .text._ZN14rosserial_msgs9TopicInfo6getMD5Ev
                0x00000000080017b0       0x1c ./Core/Src/main.o
                0x00000000080017b0                rosserial_msgs::TopicInfo::getMD5()
 .text._ZN14rosserial_msgs3LogC2Ev
                0x00000000080017cc       0x34 ./Core/Src/main.o
                0x00000000080017cc                rosserial_msgs::Log::Log()
                0x00000000080017cc                rosserial_msgs::Log::Log()
 .text._ZNK14rosserial_msgs3Log9serializeEPh
                0x0000000008001800       0x64 ./Core/Src/main.o
                0x0000000008001800                rosserial_msgs::Log::serialize(unsigned char*) const
 .text._ZN14rosserial_msgs3Log11deserializeEPh
                0x0000000008001864       0x90 ./Core/Src/main.o
                0x0000000008001864                rosserial_msgs::Log::deserialize(unsigned char*)
 .text._ZN14rosserial_msgs3Log7getTypeEv
                0x00000000080018f4       0x1c ./Core/Src/main.o
                0x00000000080018f4                rosserial_msgs::Log::getType()
 .text._ZN14rosserial_msgs3Log6getMD5Ev
                0x0000000008001910       0x1c ./Core/Src/main.o
                0x0000000008001910                rosserial_msgs::Log::getMD5()
 .text._ZN14rosserial_msgs20RequestParamResponseC2Ev
                0x000000000800192c       0x5c ./Core/Src/main.o
                0x000000000800192c                rosserial_msgs::RequestParamResponse::RequestParamResponse()
                0x000000000800192c                rosserial_msgs::RequestParamResponse::RequestParamResponse()
 .text._ZNK14rosserial_msgs20RequestParamResponse9serializeEPh
                0x0000000008001988      0x222 ./Core/Src/main.o
                0x0000000008001988                rosserial_msgs::RequestParamResponse::serialize(unsigned char*) const
 .text._ZN14rosserial_msgs20RequestParamResponse11deserializeEPh
                0x0000000008001baa      0x2e2 ./Core/Src/main.o
                0x0000000008001baa                rosserial_msgs::RequestParamResponse::deserialize(unsigned char*)
 .text._ZN14rosserial_msgs20RequestParamResponse7getTypeEv
                0x0000000008001e8c       0x1c ./Core/Src/main.o
                0x0000000008001e8c                rosserial_msgs::RequestParamResponse::getType()
 .text._ZN14rosserial_msgs20RequestParamResponse6getMD5Ev
                0x0000000008001ea8       0x1c ./Core/Src/main.o
                0x0000000008001ea8                rosserial_msgs::RequestParamResponse::getMD5()
 .text._ZN3ros9PublisherC2EPKcPNS_3MsgEi
                0x0000000008001ec4       0x2e ./Core/Src/main.o
                0x0000000008001ec4                ros::Publisher::Publisher(char const*, ros::Msg*, int)
                0x0000000008001ec4                ros::Publisher::Publisher(char const*, ros::Msg*, int)
 .text._ZN3ros9Publisher7publishEPKNS_3MsgE
                0x0000000008001ef2       0x28 ./Core/Src/main.o
                0x0000000008001ef2                ros::Publisher::publish(ros::Msg const*)
 .text._ZN3ros9Publisher15getEndpointTypeEv
                0x0000000008001f1a       0x18 ./Core/Src/main.o
                0x0000000008001f1a                ros::Publisher::getEndpointType()
 .text._ZN13STM32Hardware10getRdmaIndEv
                0x0000000008001f32       0x26 ./Core/Src/main.o
                0x0000000008001f32                STM32Hardware::getRdmaInd()
 .text._ZN13STM32HardwareC2Ev
                0x0000000008001f58       0x38 ./Core/Src/main.o
                0x0000000008001f58                STM32Hardware::STM32Hardware()
                0x0000000008001f58                STM32Hardware::STM32Hardware()
 .text._ZN13STM32Hardware4initEv
                0x0000000008001f90       0x16 ./Core/Src/main.o
                0x0000000008001f90                STM32Hardware::init()
 .text._ZN13STM32Hardware10reset_rbufEv
                0x0000000008001fa6       0x22 ./Core/Src/main.o
                0x0000000008001fa6                STM32Hardware::reset_rbuf()
 .text._ZN13STM32Hardware4readEv
                0x0000000008001fc8       0x5a ./Core/Src/main.o
                0x0000000008001fc8                STM32Hardware::read()
 *fill*         0x0000000008002022        0x2 
 .text._ZN13STM32Hardware5flushEv
                0x0000000008002024       0xbc ./Core/Src/main.o
                0x0000000008002024                STM32Hardware::flush()
 .text._ZN13STM32Hardware5writeEPhi
                0x00000000080020e0       0x8e ./Core/Src/main.o
                0x00000000080020e0                STM32Hardware::write(unsigned char*, int)
 .text._ZN13STM32Hardware4timeEv
                0x000000000800216e       0x16 ./Core/Src/main.o
                0x000000000800216e                STM32Hardware::time()
 .text._ZN13geometry_msgs7Vector3C2Ev
                0x0000000008002184       0x50 ./Core/Src/main.o
                0x0000000008002184                geometry_msgs::Vector3::Vector3()
                0x0000000008002184                geometry_msgs::Vector3::Vector3()
 .text._ZNK13geometry_msgs7Vector39serializeEPh
                0x00000000080021d4      0x2e6 ./Core/Src/main.o
                0x00000000080021d4                geometry_msgs::Vector3::serialize(unsigned char*) const
 .text._ZN13geometry_msgs7Vector311deserializeEPh
                0x00000000080024ba      0x6be ./Core/Src/main.o
                0x00000000080024ba                geometry_msgs::Vector3::deserialize(unsigned char*)
 .text._ZN13geometry_msgs7Vector37getTypeEv
                0x0000000008002b78       0x1c ./Core/Src/main.o
                0x0000000008002b78                geometry_msgs::Vector3::getType()
 .text._ZN13geometry_msgs7Vector36getMD5Ev
                0x0000000008002b94       0x1c ./Core/Src/main.o
                0x0000000008002b94                geometry_msgs::Vector3::getMD5()
 .text._ZN13geometry_msgs5TwistC2Ev
                0x0000000008002bb0       0x38 ./Core/Src/main.o
                0x0000000008002bb0                geometry_msgs::Twist::Twist()
                0x0000000008002bb0                geometry_msgs::Twist::Twist()
 .text._ZNK13geometry_msgs5Twist9serializeEPh
                0x0000000008002be8       0x4c ./Core/Src/main.o
                0x0000000008002be8                geometry_msgs::Twist::serialize(unsigned char*) const
 .text._ZN13geometry_msgs5Twist11deserializeEPh
                0x0000000008002c34       0x4c ./Core/Src/main.o
                0x0000000008002c34                geometry_msgs::Twist::deserialize(unsigned char*)
 .text._ZN13geometry_msgs5Twist7getTypeEv
                0x0000000008002c80       0x1c ./Core/Src/main.o
                0x0000000008002c80                geometry_msgs::Twist::getType()
 .text._ZN13geometry_msgs5Twist6getMD5Ev
                0x0000000008002c9c       0x1c ./Core/Src/main.o
                0x0000000008002c9c                geometry_msgs::Twist::getMD5()
 .text._ZN9ired_msgs3IMUC2Ev
                0x0000000008002cb8       0x50 ./Core/Src/main.o
                0x0000000008002cb8                ired_msgs::IMU::IMU()
                0x0000000008002cb8                ired_msgs::IMU::IMU()
 .text._ZNK9ired_msgs3IMU9serializeEPh
                0x0000000008002d08      0x2e6 ./Core/Src/main.o
                0x0000000008002d08                ired_msgs::IMU::serialize(unsigned char*) const
 .text._ZN9ired_msgs3IMU11deserializeEPh
                0x0000000008002fee      0x6be ./Core/Src/main.o
                0x0000000008002fee                ired_msgs::IMU::deserialize(unsigned char*)
 .text._ZN9ired_msgs3IMU7getTypeEv
                0x00000000080036ac       0x1c ./Core/Src/main.o
                0x00000000080036ac                ired_msgs::IMU::getType()
 .text._ZN9ired_msgs3IMU6getMD5Ev
                0x00000000080036c8       0x1c ./Core/Src/main.o
                0x00000000080036c8                ired_msgs::IMU::getMD5()
 .text._ZN9ired_msgs5MotorC2Ev
                0x00000000080036e4       0xd8 ./Core/Src/main.o
                0x00000000080036e4                ired_msgs::Motor::Motor()
                0x00000000080036e4                ired_msgs::Motor::Motor()
 .text._ZNK9ired_msgs5Motor9serializeEPh
                0x00000000080037bc      0x658 ./Core/Src/main.o
                0x00000000080037bc                ired_msgs::Motor::serialize(unsigned char*) const
 .text._ZN9ired_msgs5Motor11deserializeEPh
                0x0000000008003e14      0xea0 ./Core/Src/main.o
                0x0000000008003e14                ired_msgs::Motor::deserialize(unsigned char*)
 .text._ZN9ired_msgs5Motor7getTypeEv
                0x0000000008004cb4       0x1c ./Core/Src/main.o
                0x0000000008004cb4                ired_msgs::Motor::getType()
 .text._ZN9ired_msgs5Motor6getMD5Ev
                0x0000000008004cd0       0x1c ./Core/Src/main.o
                0x0000000008004cd0                ired_msgs::Motor::getMD5()
 .text._ZN8std_msgs5EmptyC2Ev
                0x0000000008004cec       0x24 ./Core/Src/main.o
                0x0000000008004cec                std_msgs::Empty::Empty()
                0x0000000008004cec                std_msgs::Empty::Empty()
 .text._ZNK8std_msgs5Empty9serializeEPh
                0x0000000008004d10       0x1c ./Core/Src/main.o
                0x0000000008004d10                std_msgs::Empty::serialize(unsigned char*) const
 .text._ZN8std_msgs5Empty11deserializeEPh
                0x0000000008004d2c       0x1c ./Core/Src/main.o
                0x0000000008004d2c                std_msgs::Empty::deserialize(unsigned char*)
 .text._ZN8std_msgs5Empty7getTypeEv
                0x0000000008004d48       0x1c ./Core/Src/main.o
                0x0000000008004d48                std_msgs::Empty::getType()
 .text._ZN8std_msgs5Empty6getMD5Ev
                0x0000000008004d64       0x1c ./Core/Src/main.o
                0x0000000008004d64                std_msgs::Empty::getMD5()
 .text._ZN3ros15NodeHandleBase_C2Ev
                0x0000000008004d80       0x20 ./Core/Src/main.o
                0x0000000008004d80                ros::NodeHandleBase_::NodeHandleBase_()
                0x0000000008004d80                ros::NodeHandleBase_::NodeHandleBase_()
 .text._ZN3ros11NodeHandle_I13STM32HardwareLi25ELi25ELi512ELi512EEC2Ev
                0x0000000008004da0       0xf0 ./Core/Src/main.o
                0x0000000008004da0                ros::NodeHandle_<STM32Hardware, 25, 25, 512, 512>::NodeHandle_()
                0x0000000008004da0                ros::NodeHandle_<STM32Hardware, 25, 25, 512, 512>::NodeHandle_()
 .text.main     0x0000000008004e90      0x5c4 ./Core/Src/main.o
                0x0000000008004e90                main
 .text._Z18SystemClock_Configv
                0x0000000008005454      0x104 ./Core/Src/main.o
                0x0000000008005454                SystemClock_Config()
 .text._ZL12MX_I2C1_Initv
                0x0000000008005558       0x68 ./Core/Src/main.o
 .text._ZL12MX_TIM1_Initv
                0x00000000080055c0       0xc4 ./Core/Src/main.o
 .text._ZL12MX_TIM2_Initv
                0x0000000008005684      0x130 ./Core/Src/main.o
 .text._ZL12MX_TIM3_Initv
                0x00000000080057b4       0xbc ./Core/Src/main.o
 .text._ZL12MX_TIM4_Initv
                0x0000000008005870       0xbc ./Core/Src/main.o
 .text._ZL12MX_TIM5_Initv
                0x000000000800592c       0xbc ./Core/Src/main.o
 .text._ZL12MX_TIM8_Initv
                0x00000000080059e8       0xc4 ./Core/Src/main.o
 .text._ZL19MX_USART1_UART_Initv
                0x0000000008005aac       0x5c ./Core/Src/main.o
 .text._ZL11MX_DMA_Initv
                0x0000000008005b08       0x50 ./Core/Src/main.o
 .text._ZL12MX_GPIO_Initv
                0x0000000008005b58       0xec ./Core/Src/main.o
 *fill*         0x0000000008005c44        0x4 
 .text.HAL_TIM_PeriodElapsedCallback
                0x0000000008005c48      0x234 ./Core/Src/main.o
                0x0000000008005c48                HAL_TIM_PeriodElapsedCallback
 *fill*         0x0000000008005e7c        0x4 
 .text._Z22motor_front_left_drived
                0x0000000008005e80      0x190 ./Core/Src/main.o
                0x0000000008005e80                motor_front_left_drive(double)
 .text._Z23motor_front_right_drived
                0x0000000008006010      0x190 ./Core/Src/main.o
                0x0000000008006010                motor_front_right_drive(double)
 .text._Z21motor_rear_left_drived
                0x00000000080061a0      0x190 ./Core/Src/main.o
                0x00000000080061a0                motor_rear_left_drive(double)
 .text._Z22motor_rear_right_drived
                0x0000000008006330      0x190 ./Core/Src/main.o
                0x0000000008006330                motor_rear_right_drive(double)
 .text._Z14motor_initDataP24Motor_Speed_Data_Typedef
                0x00000000080064c0       0x60 ./Core/Src/main.o
                0x00000000080064c0                motor_initData(Motor_Speed_Data_Typedef*)
 .text._Z20commandResetCallbackRKN8std_msgs5EmptyE
                0x0000000008006520       0x84 ./Core/Src/main.o
                0x0000000008006520                commandResetCallback(std_msgs::Empty const&)
 *fill*         0x00000000080065a4        0x4 
 .text._Z23commandVelocityCallbackRKN13geometry_msgs5TwistE
                0x00000000080065a8      0x2a8 ./Core/Src/main.o
                0x00000000080065a8                commandVelocityCallback(geometry_msgs::Twist const&)
 .text.HAL_UART_TxCpltCallback
                0x0000000008006850       0x24 ./Core/Src/main.o
                0x0000000008006850                HAL_UART_TxCpltCallback
 .text.HAL_UART_RxCpltCallback
                0x0000000008006874       0x24 ./Core/Src/main.o
                0x0000000008006874                HAL_UART_RxCpltCallback
 .text._Z9ROS_setupv
                0x0000000008006898      0x124 ./Core/Src/main.o
                0x0000000008006898                ROS_setup()
 .text.Error_Handler
                0x00000000080069bc        0xa ./Core/Src/main.o
                0x00000000080069bc                Error_Handler
 .text._ZN3ros3Msg8varToArrIPhmEEvT_T0_
                0x00000000080069c6       0x3e ./Core/Src/main.o
                0x00000000080069c6                void ros::Msg::varToArr<unsigned char*, unsigned long>(unsigned char*, unsigned long)
 .text._ZN3ros3Msg8arrToVarImPhEEvRT_T0_
                0x0000000008006a04       0x4c ./Core/Src/main.o
                0x0000000008006a04                void ros::Msg::arrToVar<unsigned long, unsigned char*>(unsigned long&, unsigned char*)
 .text._ZN3ros11Subscriber_C2Ev
                0x0000000008006a50       0x20 ./Core/Src/main.o
                0x0000000008006a50                ros::Subscriber_::Subscriber_()
                0x0000000008006a50                ros::Subscriber_::Subscriber_()
 .text._ZN3ros10SubscriberIN13geometry_msgs5TwistEvEC2EPKcPFvRKS2_Ei
                0x0000000008006a70       0x48 ./Core/Src/main.o
                0x0000000008006a70                ros::Subscriber<geometry_msgs::Twist, void>::Subscriber(char const*, void (*)(geometry_msgs::Twist const&), int)
                0x0000000008006a70                ros::Subscriber<geometry_msgs::Twist, void>::Subscriber(char const*, void (*)(geometry_msgs::Twist const&), int)
 .text._ZN3ros10SubscriberIN8std_msgs5EmptyEvEC2EPKcPFvRKS2_Ei
                0x0000000008006ab8       0x48 ./Core/Src/main.o
                0x0000000008006ab8                ros::Subscriber<std_msgs::Empty, void>::Subscriber(char const*, void (*)(std_msgs::Empty const&), int)
                0x0000000008006ab8                ros::Subscriber<std_msgs::Empty, void>::Subscriber(char const*, void (*)(std_msgs::Empty const&), int)
 .text._ZN3ros11NodeHandle_I13STM32HardwareLi25ELi25ELi512ELi512EE3nowEv
                0x0000000008006b00       0x78 ./Core/Src/main.o
                0x0000000008006b00                ros::NodeHandle_<STM32Hardware, 25, 25, 512, 512>::now()
 .text._ZN3ros11NodeHandle_I13STM32HardwareLi25ELi25ELi512ELi512EE8spinOnceEv
                0x0000000008006b78      0x3dc ./Core/Src/main.o
                0x0000000008006b78                ros::NodeHandle_<STM32Hardware, 25, 25, 512, 512>::spinOnce()
 .text._ZN3ros11NodeHandle_I13STM32HardwareLi25ELi25ELi512ELi512EE7loginfoEPKc
                0x0000000008006f54       0x1c ./Core/Src/main.o
                0x0000000008006f54                ros::NodeHandle_<STM32Hardware, 25, 25, 512, 512>::loginfo(char const*)
 .text._ZN3ros11NodeHandle_I13STM32HardwareLi25ELi25ELi512ELi512EE11getHardwareEv
                0x0000000008006f70       0x18 ./Core/Src/main.o
                0x0000000008006f70                ros::NodeHandle_<STM32Hardware, 25, 25, 512, 512>::getHardware()
 .text._ZN3ros11NodeHandle_I13STM32HardwareLi25ELi25ELi512ELi512EE8initNodeEv
                0x0000000008006f88       0x3a ./Core/Src/main.o
                0x0000000008006f88                ros::NodeHandle_<STM32Hardware, 25, 25, 512, 512>::initNode()
 .text._ZN3ros11NodeHandle_I13STM32HardwareLi25ELi25ELi512ELi512EE9advertiseERNS_9PublisherE
                0x0000000008006fc2       0x60 ./Core/Src/main.o
                0x0000000008006fc2                ros::NodeHandle_<STM32Hardware, 25, 25, 512, 512>::advertise(ros::Publisher&)
 .text._ZN3ros11NodeHandle_I13STM32HardwareLi25ELi25ELi512ELi512EE9subscribeERNS_11Subscriber_E
                0x0000000008007022       0x56 ./Core/Src/main.o
                0x0000000008007022                ros::NodeHandle_<STM32Hardware, 25, 25, 512, 512>::subscribe(ros::Subscriber_&)
 .text._ZN3ros11NodeHandle_I13STM32HardwareLi25ELi25ELi512ELi512EE15requestSyncTimeEv
                0x0000000008007078       0x3c ./Core/Src/main.o
                0x0000000008007078                ros::NodeHandle_<STM32Hardware, 25, 25, 512, 512>::requestSyncTime()
 .text._ZN3ros11NodeHandle_I13STM32HardwareLi25ELi25ELi512ELi512EE15negotiateTopicsEv
                0x00000000080070b4      0x1be ./Core/Src/main.o
                0x00000000080070b4                ros::NodeHandle_<STM32Hardware, 25, 25, 512, 512>::negotiateTopics()
 *fill*         0x0000000008007272        0x2 
 .text._ZN3ros11NodeHandle_I13STM32HardwareLi25ELi25ELi512ELi512EE8syncTimeEPh
                0x0000000008007274       0x98 ./Core/Src/main.o
                0x0000000008007274                ros::NodeHandle_<STM32Hardware, 25, 25, 512, 512>::syncTime(unsigned char*)
 .text._ZN3ros11NodeHandle_I13STM32HardwareLi25ELi25ELi512ELi512EE3logEcPKc
                0x000000000800730c       0x38 ./Core/Src/main.o
                0x000000000800730c                ros::NodeHandle_<STM32Hardware, 25, 25, 512, 512>::log(char, char const*)
 .text._ZN3ros11NodeHandle_I13STM32HardwareLi25ELi25ELi512ELi512EE7publishEiPKNS_3MsgE
                0x0000000008007344      0x128 ./Core/Src/main.o
                0x0000000008007344                ros::NodeHandle_<STM32Hardware, 25, 25, 512, 512>::publish(int, ros::Msg const*)
 .text._ZN3ros11NodeHandle_I13STM32HardwareLi25ELi25ELi512ELi512EE6setNowERKNS_4TimeE
                0x000000000800746c       0x80 ./Core/Src/main.o
                0x000000000800746c                ros::NodeHandle_<STM32Hardware, 25, 25, 512, 512>::setNow(ros::Time const&)
 .text._ZN3ros11NodeHandle_I13STM32HardwareLi25ELi25ELi512ELi512EE8logerrorEPKc
                0x00000000080074ec       0x1c ./Core/Src/main.o
                0x00000000080074ec                ros::NodeHandle_<STM32Hardware, 25, 25, 512, 512>::logerror(char const*)
 .text._Z41__static_initialization_and_destruction_0ii
                0x0000000008007508       0xb4 ./Core/Src/main.o
 .text._ZN3ros10SubscriberIN8std_msgs5EmptyEvE8callbackEPh
                0x00000000080075bc       0x2a ./Core/Src/main.o
                0x00000000080075bc                ros::Subscriber<std_msgs::Empty, void>::callback(unsigned char*)
 .text._ZN3ros10SubscriberIN8std_msgs5EmptyEvE15getEndpointTypeEv
                0x00000000080075e6       0x18 ./Core/Src/main.o
                0x00000000080075e6                ros::Subscriber<std_msgs::Empty, void>::getEndpointType()
 .text._ZN3ros10SubscriberIN8std_msgs5EmptyEvE10getMsgTypeEv
                0x00000000080075fe       0x1c ./Core/Src/main.o
                0x00000000080075fe                ros::Subscriber<std_msgs::Empty, void>::getMsgType()
 .text._ZN3ros10SubscriberIN8std_msgs5EmptyEvE9getMsgMD5Ev
                0x000000000800761a       0x1c ./Core/Src/main.o
                0x000000000800761a                ros::Subscriber<std_msgs::Empty, void>::getMsgMD5()
 .text._ZN3ros10SubscriberIN13geometry_msgs5TwistEvE8callbackEPh
                0x0000000008007636       0x2a ./Core/Src/main.o
                0x0000000008007636                ros::Subscriber<geometry_msgs::Twist, void>::callback(unsigned char*)
 .text._ZN3ros10SubscriberIN13geometry_msgs5TwistEvE15getEndpointTypeEv
                0x0000000008007660       0x18 ./Core/Src/main.o
                0x0000000008007660                ros::Subscriber<geometry_msgs::Twist, void>::getEndpointType()
 .text._ZN3ros10SubscriberIN13geometry_msgs5TwistEvE10getMsgTypeEv
                0x0000000008007678       0x1c ./Core/Src/main.o
                0x0000000008007678                ros::Subscriber<geometry_msgs::Twist, void>::getMsgType()
 .text._ZN3ros10SubscriberIN13geometry_msgs5TwistEvE9getMsgMD5Ev
                0x0000000008007694       0x1c ./Core/Src/main.o
                0x0000000008007694                ros::Subscriber<geometry_msgs::Twist, void>::getMsgMD5()
 .text._ZN3ros11NodeHandle_I13STM32HardwareLi25ELi25ELi512ELi512EE9connectedEv
                0x00000000080076b0       0x1a ./Core/Src/main.o
                0x00000000080076b0                ros::NodeHandle_<STM32Hardware, 25, 25, 512, 512>::connected()
 .text._GLOBAL__sub_I_hi2c1
                0x00000000080076ca       0x10 ./Core/Src/main.o
 *fill*         0x00000000080076da        0x6 
 .text._Z12calculatePIDddP16PID_Data_Typedefd
                0x00000000080076e0      0x18c ./Core/Src/motor_pid.o
                0x00000000080076e0                calculatePID(double, double, PID_Data_Typedef*, double)
 .text._Z12resetPIDDataP16PID_Data_Typedef
                0x000000000800786c       0x3e ./Core/Src/motor_pid.o
                0x000000000800786c                resetPIDData(PID_Data_Typedef*)
 .text._Z17setupPIDParameterP16PID_Data_Typedefddd
                0x00000000080078aa       0x3e ./Core/Src/motor_pid.o
                0x00000000080078aa                setupPIDParameter(PID_Data_Typedef*, double, double, double)
 .text._ZL4wrapdd
                0x00000000080078e8       0x94 ./Core/Src/mpu9250.o
 *fill*         0x000000000800797c        0x4 
 .text._ZN7MPU9250C2ER17I2C_HandleTypeDef
                0x0000000008007980       0x68 ./Core/Src/mpu9250.o
                0x0000000008007980                MPU9250::MPU9250(I2C_HandleTypeDef&)
                0x0000000008007980                MPU9250::MPU9250(I2C_HandleTypeDef&)
 .text._ZN7MPU92505beginEii
                0x00000000080079e8       0x8c ./Core/Src/mpu9250.o
                0x00000000080079e8                MPU9250::begin(int, int)
 .text._ZN7MPU92509writeDataEhh
                0x0000000008007a74       0x40 ./Core/Src/mpu9250.o
                0x0000000008007a74                MPU9250::writeData(unsigned char, unsigned char)
 *fill*         0x0000000008007ab4        0x4 
 .text._ZN7MPU925013setGyroConfigEi
                0x0000000008007ab8       0xc8 ./Core/Src/mpu9250.o
                0x0000000008007ab8                MPU9250::setGyroConfig(int)
 .text._ZN7MPU925012setAccConfigEi
                0x0000000008007b80       0xb8 ./Core/Src/mpu9250.o
                0x0000000008007b80                MPU9250::setAccConfig(int)
 .text._ZN7MPU925014setGyroOffsetsEddd
                0x0000000008007c38       0x3e ./Core/Src/mpu9250.o
                0x0000000008007c38                MPU9250::setGyroOffsets(double, double, double)
 .text._ZN7MPU925013setAccOffsetsEddd
                0x0000000008007c76       0x3e ./Core/Src/mpu9250.o
                0x0000000008007c76                MPU9250::setAccOffsets(double, double, double)
 *fill*         0x0000000008007cb4        0x4 
 .text._ZN7MPU925017setFilterGyroCoefEd
                0x0000000008007cb8       0x64 ./Core/Src/mpu9250.o
                0x0000000008007cb8                MPU9250::setFilterGyroCoef(double)
 *fill*         0x0000000008007d1c        0x4 
 .text._ZN7MPU925011calcOffsetsEbb
                0x0000000008007d20      0x1b8 ./Core/Src/mpu9250.o
                0x0000000008007d20                MPU9250::calcOffsets(bool, bool)
 .text._ZN7MPU92509fetchDataEv
                0x0000000008007ed8      0x214 ./Core/Src/mpu9250.o
                0x0000000008007ed8                MPU9250::fetchData()
 *fill*         0x00000000080080ec        0x4 
 .text._ZN7MPU92506updateEv
                0x00000000080080f0      0x3c4 ./Core/Src/mpu9250.o
                0x00000000080080f0                MPU9250::update()
 .text.HAL_MspInit
                0x00000000080084b4       0x50 ./Core/Src/stm32f4xx_hal_msp.o
                0x00000000080084b4                HAL_MspInit
 .text.HAL_I2C_MspInit
                0x0000000008008504       0x90 ./Core/Src/stm32f4xx_hal_msp.o
                0x0000000008008504                HAL_I2C_MspInit
 .text.HAL_TIM_Encoder_MspInit
                0x0000000008008594      0x1cc ./Core/Src/stm32f4xx_hal_msp.o
                0x0000000008008594                HAL_TIM_Encoder_MspInit
 .text.HAL_TIM_PWM_MspInit
                0x0000000008008760       0x40 ./Core/Src/stm32f4xx_hal_msp.o
                0x0000000008008760                HAL_TIM_PWM_MspInit
 .text.HAL_TIM_Base_MspInit
                0x00000000080087a0       0x50 ./Core/Src/stm32f4xx_hal_msp.o
                0x00000000080087a0                HAL_TIM_Base_MspInit
 .text.HAL_TIM_MspPostInit
                0x00000000080087f0       0xb0 ./Core/Src/stm32f4xx_hal_msp.o
                0x00000000080087f0                HAL_TIM_MspPostInit
 .text.HAL_UART_MspInit
                0x00000000080088a0      0x1ac ./Core/Src/stm32f4xx_hal_msp.o
                0x00000000080088a0                HAL_UART_MspInit
 .text.NMI_Handler
                0x0000000008008a4c        0x6 ./Core/Src/stm32f4xx_it.o
                0x0000000008008a4c                NMI_Handler
 .text.HardFault_Handler
                0x0000000008008a52        0x6 ./Core/Src/stm32f4xx_it.o
                0x0000000008008a52                HardFault_Handler
 .text.MemManage_Handler
                0x0000000008008a58        0x6 ./Core/Src/stm32f4xx_it.o
                0x0000000008008a58                MemManage_Handler
 .text.BusFault_Handler
                0x0000000008008a5e        0x6 ./Core/Src/stm32f4xx_it.o
                0x0000000008008a5e                BusFault_Handler
 .text.UsageFault_Handler
                0x0000000008008a64        0x6 ./Core/Src/stm32f4xx_it.o
                0x0000000008008a64                UsageFault_Handler
 .text.SVC_Handler
                0x0000000008008a6a        0xe ./Core/Src/stm32f4xx_it.o
                0x0000000008008a6a                SVC_Handler
 .text.DebugMon_Handler
                0x0000000008008a78        0xe ./Core/Src/stm32f4xx_it.o
                0x0000000008008a78                DebugMon_Handler
 .text.PendSV_Handler
                0x0000000008008a86        0xe ./Core/Src/stm32f4xx_it.o
                0x0000000008008a86                PendSV_Handler
 .text.SysTick_Handler
                0x0000000008008a94        0xc ./Core/Src/stm32f4xx_it.o
                0x0000000008008a94                SysTick_Handler
 .text.TIM4_IRQHandler
                0x0000000008008aa0       0x14 ./Core/Src/stm32f4xx_it.o
                0x0000000008008aa0                TIM4_IRQHandler
 .text.USART1_IRQHandler
                0x0000000008008ab4       0x14 ./Core/Src/stm32f4xx_it.o
                0x0000000008008ab4                USART1_IRQHandler
 .text.DMA2_Stream2_IRQHandler
                0x0000000008008ac8       0x14 ./Core/Src/stm32f4xx_it.o
                0x0000000008008ac8                DMA2_Stream2_IRQHandler
 .text.DMA2_Stream7_IRQHandler
                0x0000000008008adc       0x14 ./Core/Src/stm32f4xx_it.o
                0x0000000008008adc                DMA2_Stream7_IRQHandler
 .text._getpid  0x0000000008008af0       0x10 ./Core/Src/syscalls.o
                0x0000000008008af0                _getpid
 .text._kill    0x0000000008008b00       0x20 ./Core/Src/syscalls.o
                0x0000000008008b00                _kill
 .text._exit    0x0000000008008b20       0x14 ./Core/Src/syscalls.o
                0x0000000008008b20                _exit
 .text._read    0x0000000008008b34       0x3a ./Core/Src/syscalls.o
                0x0000000008008b34                _read
 .text._write   0x0000000008008b6e       0x38 ./Core/Src/syscalls.o
                0x0000000008008b6e                _write
 .text._close   0x0000000008008ba6       0x18 ./Core/Src/syscalls.o
                0x0000000008008ba6                _close
 .text._fstat   0x0000000008008bbe       0x20 ./Core/Src/syscalls.o
                0x0000000008008bbe                _fstat
 .text._isatty  0x0000000008008bde       0x16 ./Core/Src/syscalls.o
                0x0000000008008bde                _isatty
 .text._lseek   0x0000000008008bf4       0x1a ./Core/Src/syscalls.o
                0x0000000008008bf4                _lseek
 *fill*         0x0000000008008c0e        0x2 
 .text._sbrk    0x0000000008008c10       0x6c ./Core/Src/sysmem.o
                0x0000000008008c10                _sbrk
 .text.SystemInit
                0x0000000008008c7c       0x24 ./Core/Src/system_stm32f4xx.o
                0x0000000008008c7c                SystemInit
 .text.Reset_Handler
                0x0000000008008ca0       0x50 ./Core/Startup/startup_stm32f446retx.o
                0x0000000008008ca0                Reset_Handler
 .text.Default_Handler
                0x0000000008008cf0        0x2 ./Core/Startup/startup_stm32f446retx.o
                0x0000000008008cf0                RTC_Alarm_IRQHandler
                0x0000000008008cf0                EXTI2_IRQHandler
                0x0000000008008cf0                TIM8_CC_IRQHandler
                0x0000000008008cf0                FMPI2C1_EV_IRQHandler
                0x0000000008008cf0                SPI4_IRQHandler
                0x0000000008008cf0                TIM1_CC_IRQHandler
                0x0000000008008cf0                DMA2_Stream5_IRQHandler
                0x0000000008008cf0                DMA1_Stream5_IRQHandler
                0x0000000008008cf0                PVD_IRQHandler
                0x0000000008008cf0                SDIO_IRQHandler
                0x0000000008008cf0                TAMP_STAMP_IRQHandler
                0x0000000008008cf0                CAN2_RX1_IRQHandler
                0x0000000008008cf0                EXTI3_IRQHandler
                0x0000000008008cf0                TIM8_TRG_COM_TIM14_IRQHandler
                0x0000000008008cf0                TIM1_UP_TIM10_IRQHandler
                0x0000000008008cf0                TIM8_UP_TIM13_IRQHandler
                0x0000000008008cf0                I2C3_ER_IRQHandler
                0x0000000008008cf0                EXTI0_IRQHandler
                0x0000000008008cf0                I2C2_EV_IRQHandler
                0x0000000008008cf0                DMA1_Stream2_IRQHandler
                0x0000000008008cf0                CAN1_RX0_IRQHandler
                0x0000000008008cf0                FPU_IRQHandler
                0x0000000008008cf0                OTG_HS_WKUP_IRQHandler
                0x0000000008008cf0                CAN2_SCE_IRQHandler
                0x0000000008008cf0                SPI1_IRQHandler
                0x0000000008008cf0                TIM6_DAC_IRQHandler
                0x0000000008008cf0                TIM1_BRK_TIM9_IRQHandler
                0x0000000008008cf0                DCMI_IRQHandler
                0x0000000008008cf0                CAN2_RX0_IRQHandler
                0x0000000008008cf0                DMA2_Stream3_IRQHandler
                0x0000000008008cf0                SAI2_IRQHandler
                0x0000000008008cf0                USART6_IRQHandler
                0x0000000008008cf0                USART3_IRQHandler
                0x0000000008008cf0                CAN1_RX1_IRQHandler
                0x0000000008008cf0                UART5_IRQHandler
                0x0000000008008cf0                DMA2_Stream0_IRQHandler
                0x0000000008008cf0                QUADSPI_IRQHandler
                0x0000000008008cf0                I2C1_EV_IRQHandler
                0x0000000008008cf0                DMA1_Stream6_IRQHandler
                0x0000000008008cf0                DMA1_Stream1_IRQHandler
                0x0000000008008cf0                UART4_IRQHandler
                0x0000000008008cf0                TIM3_IRQHandler
                0x0000000008008cf0                RCC_IRQHandler
                0x0000000008008cf0                TIM8_BRK_TIM12_IRQHandler
                0x0000000008008cf0                Default_Handler
                0x0000000008008cf0                CEC_IRQHandler
                0x0000000008008cf0                EXTI15_10_IRQHandler
                0x0000000008008cf0                ADC_IRQHandler
                0x0000000008008cf0                DMA1_Stream7_IRQHandler
                0x0000000008008cf0                TIM7_IRQHandler
                0x0000000008008cf0                CAN2_TX_IRQHandler
                0x0000000008008cf0                TIM5_IRQHandler
                0x0000000008008cf0                I2C3_EV_IRQHandler
                0x0000000008008cf0                EXTI9_5_IRQHandler
                0x0000000008008cf0                RTC_WKUP_IRQHandler
                0x0000000008008cf0                SPDIF_RX_IRQHandler
                0x0000000008008cf0                SPI2_IRQHandler
                0x0000000008008cf0                OTG_HS_EP1_IN_IRQHandler
                0x0000000008008cf0                DMA1_Stream0_IRQHandler
                0x0000000008008cf0                CAN1_TX_IRQHandler
                0x0000000008008cf0                FMPI2C1_ER_IRQHandler
                0x0000000008008cf0                EXTI4_IRQHandler
                0x0000000008008cf0                OTG_HS_EP1_OUT_IRQHandler
                0x0000000008008cf0                WWDG_IRQHandler
                0x0000000008008cf0                TIM2_IRQHandler
                0x0000000008008cf0                OTG_FS_WKUP_IRQHandler
                0x0000000008008cf0                TIM1_TRG_COM_TIM11_IRQHandler
                0x0000000008008cf0                OTG_HS_IRQHandler
                0x0000000008008cf0                EXTI1_IRQHandler
                0x0000000008008cf0                USART2_IRQHandler
                0x0000000008008cf0                I2C2_ER_IRQHandler
                0x0000000008008cf0                DMA2_Stream1_IRQHandler
                0x0000000008008cf0                CAN1_SCE_IRQHandler
                0x0000000008008cf0                FLASH_IRQHandler
                0x0000000008008cf0                DMA2_Stream4_IRQHandler
                0x0000000008008cf0                OTG_FS_IRQHandler
                0x0000000008008cf0                SPI3_IRQHandler
                0x0000000008008cf0                DMA1_Stream4_IRQHandler
                0x0000000008008cf0                I2C1_ER_IRQHandler
                0x0000000008008cf0                FMC_IRQHandler
                0x0000000008008cf0                DMA2_Stream6_IRQHandler
                0x0000000008008cf0                SAI1_IRQHandler
                0x0000000008008cf0                DMA1_Stream3_IRQHandler
 *fill*         0x0000000008008cf2        0x2 
 .text.HAL_Init
                0x0000000008008cf4       0x44 ./Drivers/STM32F4xx_HAL_Driver/Src/stm32f4xx_hal.o
                0x0000000008008cf4                HAL_Init
 .text.HAL_InitTick
                0x0000000008008d38       0x60 ./Drivers/STM32F4xx_HAL_Driver/Src/stm32f4xx_hal.o
                0x0000000008008d38                HAL_InitTick
 .text.HAL_IncTick
                0x0000000008008d98       0x28 ./Drivers/STM32F4xx_HAL_Driver/Src/stm32f4xx_hal.o
                0x0000000008008d98                HAL_IncTick
 .text.HAL_GetTick
                0x0000000008008dc0       0x18 ./Drivers/STM32F4xx_HAL_Driver/Src/stm32f4xx_hal.o
                0x0000000008008dc0                HAL_GetTick
 .text.HAL_Delay
                0x0000000008008dd8       0x48 ./Drivers/STM32F4xx_HAL_Driver/Src/stm32f4xx_hal.o
                0x0000000008008dd8                HAL_Delay
 .text.__NVIC_SetPriorityGrouping
                0x0000000008008e20       0x48 ./Drivers/STM32F4xx_HAL_Driver/Src/stm32f4xx_hal_cortex.o
 .text.__NVIC_GetPriorityGrouping
                0x0000000008008e68       0x1c ./Drivers/STM32F4xx_HAL_Driver/Src/stm32f4xx_hal_cortex.o
 .text.__NVIC_EnableIRQ
                0x0000000008008e84       0x3c ./Drivers/STM32F4xx_HAL_Driver/Src/stm32f4xx_hal_cortex.o
 .text.__NVIC_SetPriority
                0x0000000008008ec0       0x54 ./Drivers/STM32F4xx_HAL_Driver/Src/stm32f4xx_hal_cortex.o
 .text.NVIC_EncodePriority
                0x0000000008008f14       0x66 ./Drivers/STM32F4xx_HAL_Driver/Src/stm32f4xx_hal_cortex.o
 *fill*         0x0000000008008f7a        0x2 
 .text.SysTick_Config
                0x0000000008008f7c       0x44 ./Drivers/STM32F4xx_HAL_Driver/Src/stm32f4xx_hal_cortex.o
 .text.HAL_NVIC_SetPriorityGrouping
                0x0000000008008fc0       0x16 ./Drivers/STM32F4xx_HAL_Driver/Src/stm32f4xx_hal_cortex.o
                0x0000000008008fc0                HAL_NVIC_SetPriorityGrouping
 .text.HAL_NVIC_SetPriority
                0x0000000008008fd6       0x38 ./Drivers/STM32F4xx_HAL_Driver/Src/stm32f4xx_hal_cortex.o
                0x0000000008008fd6                HAL_NVIC_SetPriority
 .text.HAL_NVIC_EnableIRQ
                0x000000000800900e       0x1c ./Drivers/STM32F4xx_HAL_Driver/Src/stm32f4xx_hal_cortex.o
                0x000000000800900e                HAL_NVIC_EnableIRQ
 .text.HAL_SYSTICK_Config
                0x000000000800902a       0x18 ./Drivers/STM32F4xx_HAL_Driver/Src/stm32f4xx_hal_cortex.o
                0x000000000800902a                HAL_SYSTICK_Config
 *fill*         0x0000000008009042        0x2 
 .text.HAL_DMA_Init
                0x0000000008009044      0x15c ./Drivers/STM32F4xx_HAL_Driver/Src/stm32f4xx_hal_dma.o
                0x0000000008009044                HAL_DMA_Init
 .text.HAL_DMA_Start_IT
                0x00000000080091a0       0xb0 ./Drivers/STM32F4xx_HAL_Driver/Src/stm32f4xx_hal_dma.o
                0x00000000080091a0                HAL_DMA_Start_IT
 .text.HAL_DMA_Abort
                0x0000000008009250       0xe0 ./Drivers/STM32F4xx_HAL_Driver/Src/stm32f4xx_hal_dma.o
                0x0000000008009250                HAL_DMA_Abort
 .text.HAL_DMA_Abort_IT
                0x0000000008009330       0x44 ./Drivers/STM32F4xx_HAL_Driver/Src/stm32f4xx_hal_dma.o
                0x0000000008009330                HAL_DMA_Abort_IT
 .text.HAL_DMA_IRQHandler
                0x0000000008009374      0x314 ./Drivers/STM32F4xx_HAL_Driver/Src/stm32f4xx_hal_dma.o
                0x0000000008009374                HAL_DMA_IRQHandler
 .text.DMA_SetConfig
                0x0000000008009688       0x5c ./Drivers/STM32F4xx_HAL_Driver/Src/stm32f4xx_hal_dma.o
 .text.DMA_CalcBaseAndBitshift
                0x00000000080096e4       0x6c ./Drivers/STM32F4xx_HAL_Driver/Src/stm32f4xx_hal_dma.o
 .text.DMA_CheckFifoParam
                0x0000000008009750       0xf8 ./Drivers/STM32F4xx_HAL_Driver/Src/stm32f4xx_hal_dma.o
 .text.HAL_GPIO_Init
                0x0000000008009848      0x328 ./Drivers/STM32F4xx_HAL_Driver/Src/stm32f4xx_hal_gpio.o
                0x0000000008009848                HAL_GPIO_Init
 .text.HAL_GPIO_WritePin
                0x0000000008009b70       0x32 ./Drivers/STM32F4xx_HAL_Driver/Src/stm32f4xx_hal_gpio.o
                0x0000000008009b70                HAL_GPIO_WritePin
 .text.HAL_GPIO_TogglePin
                0x0000000008009ba2       0x34 ./Drivers/STM32F4xx_HAL_Driver/Src/stm32f4xx_hal_gpio.o
                0x0000000008009ba2                HAL_GPIO_TogglePin
 *fill*         0x0000000008009bd6        0x2 
 .text.HAL_I2C_Init
                0x0000000008009bd8      0x288 ./Drivers/STM32F4xx_HAL_Driver/Src/stm32f4xx_hal_i2c.o
                0x0000000008009bd8                HAL_I2C_Init
 .text.HAL_I2C_Mem_Write
                0x0000000008009e60      0x1f4 ./Drivers/STM32F4xx_HAL_Driver/Src/stm32f4xx_hal_i2c.o
                0x0000000008009e60                HAL_I2C_Mem_Write
 .text.HAL_I2C_Mem_Read
                0x000000000800a054      0x464 ./Drivers/STM32F4xx_HAL_Driver/Src/stm32f4xx_hal_i2c.o
                0x000000000800a054                HAL_I2C_Mem_Read
 .text.I2C_RequestMemoryWrite
                0x000000000800a4b8      0x12c ./Drivers/STM32F4xx_HAL_Driver/Src/stm32f4xx_hal_i2c.o
 .text.I2C_RequestMemoryRead
                0x000000000800a5e4      0x1d0 ./Drivers/STM32F4xx_HAL_Driver/Src/stm32f4xx_hal_i2c.o
 .text.I2C_WaitOnFlagUntilTimeout
                0x000000000800a7b4       0xf4 ./Drivers/STM32F4xx_HAL_Driver/Src/stm32f4xx_hal_i2c.o
 .text.I2C_WaitOnMasterAddressFlagUntilTimeout
                0x000000000800a8a8      0x140 ./Drivers/STM32F4xx_HAL_Driver/Src/stm32f4xx_hal_i2c.o
 .text.I2C_WaitOnTXEFlagUntilTimeout
                0x000000000800a9e8       0x90 ./Drivers/STM32F4xx_HAL_Driver/Src/stm32f4xx_hal_i2c.o
 .text.I2C_WaitOnBTFFlagUntilTimeout
                0x000000000800aa78       0x90 ./Drivers/STM32F4xx_HAL_Driver/Src/stm32f4xx_hal_i2c.o
 .text.I2C_WaitOnRXNEFlagUntilTimeout
                0x000000000800ab08       0xba ./Drivers/STM32F4xx_HAL_Driver/Src/stm32f4xx_hal_i2c.o
 .text.I2C_IsAcknowledgeFailed
                0x000000000800abc2       0x5e ./Drivers/STM32F4xx_HAL_Driver/Src/stm32f4xx_hal_i2c.o
 .text.HAL_PWREx_EnableOverDrive
                0x000000000800ac20       0xa0 ./Drivers/STM32F4xx_HAL_Driver/Src/stm32f4xx_hal_pwr_ex.o
                0x000000000800ac20                HAL_PWREx_EnableOverDrive
 .text.HAL_RCC_ClockConfig
                0x000000000800acc0      0x1cc ./Drivers/STM32F4xx_HAL_Driver/Src/stm32f4xx_hal_rcc.o
                0x000000000800acc0                HAL_RCC_ClockConfig
 .text.HAL_RCC_GetHCLKFreq
                0x000000000800ae8c       0x18 ./Drivers/STM32F4xx_HAL_Driver/Src/stm32f4xx_hal_rcc.o
                0x000000000800ae8c                HAL_RCC_GetHCLKFreq
 .text.HAL_RCC_GetPCLK1Freq
                0x000000000800aea4       0x28 ./Drivers/STM32F4xx_HAL_Driver/Src/stm32f4xx_hal_rcc.o
                0x000000000800aea4                HAL_RCC_GetPCLK1Freq
 .text.HAL_RCC_GetPCLK2Freq
                0x000000000800aecc       0x28 ./Drivers/STM32F4xx_HAL_Driver/Src/stm32f4xx_hal_rcc.o
                0x000000000800aecc                HAL_RCC_GetPCLK2Freq
 .text.HAL_RCC_GetSysClockFreq
                0x000000000800aef4      0x354 ./Drivers/STM32F4xx_HAL_Driver/Src/stm32f4xx_hal_rcc_ex.o
                0x000000000800aef4                HAL_RCC_GetSysClockFreq
 .text.HAL_RCC_OscConfig
                0x000000000800b248      0x53c ./Drivers/STM32F4xx_HAL_Driver/Src/stm32f4xx_hal_rcc_ex.o
                0x000000000800b248                HAL_RCC_OscConfig
 .text.HAL_TIM_Base_Init
                0x000000000800b784       0x9e ./Drivers/STM32F4xx_HAL_Driver/Src/stm32f4xx_hal_tim.o
                0x000000000800b784                HAL_TIM_Base_Init
 *fill*         0x000000000800b822        0x2 
 .text.HAL_TIM_Base_Start_IT
                0x000000000800b824       0xe0 ./Drivers/STM32F4xx_HAL_Driver/Src/stm32f4xx_hal_tim.o
                0x000000000800b824                HAL_TIM_Base_Start_IT
 .text.HAL_TIM_PWM_Init
                0x000000000800b904       0x9e ./Drivers/STM32F4xx_HAL_Driver/Src/stm32f4xx_hal_tim.o
                0x000000000800b904                HAL_TIM_PWM_Init
 *fill*         0x000000000800b9a2        0x2 
 .text.HAL_TIM_PWM_Start
                0x000000000800b9a4      0x190 ./Drivers/STM32F4xx_HAL_Driver/Src/stm32f4xx_hal_tim.o
                0x000000000800b9a4                HAL_TIM_PWM_Start
 .text.HAL_TIM_Encoder_Init
                0x000000000800bb34      0x14c ./Drivers/STM32F4xx_HAL_Driver/Src/stm32f4xx_hal_tim.o
                0x000000000800bb34                HAL_TIM_Encoder_Init
 .text.HAL_TIM_Encoder_Start
                0x000000000800bc80      0x11c ./Drivers/STM32F4xx_HAL_Driver/Src/stm32f4xx_hal_tim.o
                0x000000000800bc80                HAL_TIM_Encoder_Start
 .text.HAL_TIM_IRQHandler
                0x000000000800bd9c      0x1e0 ./Drivers/STM32F4xx_HAL_Driver/Src/stm32f4xx_hal_tim.o
                0x000000000800bd9c                HAL_TIM_IRQHandler
 .text.HAL_TIM_PWM_ConfigChannel
                0x000000000800bf7c      0x184 ./Drivers/STM32F4xx_HAL_Driver/Src/stm32f4xx_hal_tim.o
                0x000000000800bf7c                HAL_TIM_PWM_ConfigChannel
 .text.HAL_TIM_ConfigClockSource
                0x000000000800c100      0x18e ./Drivers/STM32F4xx_HAL_Driver/Src/stm32f4xx_hal_tim.o
                0x000000000800c100                HAL_TIM_ConfigClockSource
 .text.HAL_TIM_OC_DelayElapsedCallback
                0x000000000800c28e       0x14 ./Drivers/STM32F4xx_HAL_Driver/Src/stm32f4xx_hal_tim.o
                0x000000000800c28e                HAL_TIM_OC_DelayElapsedCallback
 .text.HAL_TIM_IC_CaptureCallback
                0x000000000800c2a2       0x14 ./Drivers/STM32F4xx_HAL_Driver/Src/stm32f4xx_hal_tim.o
                0x000000000800c2a2                HAL_TIM_IC_CaptureCallback
 .text.HAL_TIM_PWM_PulseFinishedCallback
                0x000000000800c2b6       0x14 ./Drivers/STM32F4xx_HAL_Driver/Src/stm32f4xx_hal_tim.o
                0x000000000800c2b6                HAL_TIM_PWM_PulseFinishedCallback
 .text.HAL_TIM_TriggerCallback
                0x000000000800c2ca       0x14 ./Drivers/STM32F4xx_HAL_Driver/Src/stm32f4xx_hal_tim.o
                0x000000000800c2ca                HAL_TIM_TriggerCallback
 *fill*         0x000000000800c2de        0x2 
 .text.TIM_Base_SetConfig
                0x000000000800c2e0      0x158 ./Drivers/STM32F4xx_HAL_Driver/Src/stm32f4xx_hal_tim.o
                0x000000000800c2e0                TIM_Base_SetConfig
 .text.TIM_OC1_SetConfig
                0x000000000800c438       0xe0 ./Drivers/STM32F4xx_HAL_Driver/Src/stm32f4xx_hal_tim.o
 .text.TIM_OC2_SetConfig
                0x000000000800c518       0xec ./Drivers/STM32F4xx_HAL_Driver/Src/stm32f4xx_hal_tim.o
                0x000000000800c518                TIM_OC2_SetConfig
 .text.TIM_OC3_SetConfig
                0x000000000800c604       0xe8 ./Drivers/STM32F4xx_HAL_Driver/Src/stm32f4xx_hal_tim.o
 .text.TIM_OC4_SetConfig
                0x000000000800c6ec       0xac ./Drivers/STM32F4xx_HAL_Driver/Src/stm32f4xx_hal_tim.o
 .text.TIM_TI1_ConfigInputStage
                0x000000000800c798       0x5e ./Drivers/STM32F4xx_HAL_Driver/Src/stm32f4xx_hal_tim.o
 .text.TIM_TI2_ConfigInputStage
                0x000000000800c7f6       0x60 ./Drivers/STM32F4xx_HAL_Driver/Src/stm32f4xx_hal_tim.o
 .text.TIM_ITRx_SetConfig
                0x000000000800c856       0x36 ./Drivers/STM32F4xx_HAL_Driver/Src/stm32f4xx_hal_tim.o
 .text.TIM_ETR_SetConfig
                0x000000000800c88c       0x40 ./Drivers/STM32F4xx_HAL_Driver/Src/stm32f4xx_hal_tim.o
                0x000000000800c88c                TIM_ETR_SetConfig
 .text.TIM_CCxChannelCmd
                0x000000000800c8cc       0x4a ./Drivers/STM32F4xx_HAL_Driver/Src/stm32f4xx_hal_tim.o
                0x000000000800c8cc                TIM_CCxChannelCmd
 *fill*         0x000000000800c916        0x2 
 .text.HAL_TIMEx_MasterConfigSynchronization
                0x000000000800c918       0xf8 ./Drivers/STM32F4xx_HAL_Driver/Src/stm32f4xx_hal_tim_ex.o
                0x000000000800c918                HAL_TIMEx_MasterConfigSynchronization
 .text.HAL_TIMEx_CommutCallback
                0x000000000800ca10       0x14 ./Drivers/STM32F4xx_HAL_Driver/Src/stm32f4xx_hal_tim_ex.o
                0x000000000800ca10                HAL_TIMEx_CommutCallback
 .text.HAL_TIMEx_BreakCallback
                0x000000000800ca24       0x14 ./Drivers/STM32F4xx_HAL_Driver/Src/stm32f4xx_hal_tim_ex.o
                0x000000000800ca24                HAL_TIMEx_BreakCallback
 .text.HAL_UART_Init
                0x000000000800ca38       0xa0 ./Drivers/STM32F4xx_HAL_Driver/Src/stm32f4xx_hal_uart.o
                0x000000000800ca38                HAL_UART_Init
 .text.HAL_UART_Transmit_DMA
                0x000000000800cad8       0xe0 ./Drivers/STM32F4xx_HAL_Driver/Src/stm32f4xx_hal_uart.o
                0x000000000800cad8                HAL_UART_Transmit_DMA
 .text.HAL_UART_Receive_DMA
                0x000000000800cbb8       0x4a ./Drivers/STM32F4xx_HAL_Driver/Src/stm32f4xx_hal_uart.o
                0x000000000800cbb8                HAL_UART_Receive_DMA
 *fill*         0x000000000800cc02        0x2 
 .text.HAL_UART_IRQHandler
                0x000000000800cc04      0x524 ./Drivers/STM32F4xx_HAL_Driver/Src/stm32f4xx_hal_uart.o
                0x000000000800cc04                HAL_UART_IRQHandler
 .text.HAL_UART_TxHalfCpltCallback
                0x000000000800d128       0x14 ./Drivers/STM32F4xx_HAL_Driver/Src/stm32f4xx_hal_uart.o
                0x000000000800d128                HAL_UART_TxHalfCpltCallback
 .text.HAL_UART_RxHalfCpltCallback
                0x000000000800d13c       0x14 ./Drivers/STM32F4xx_HAL_Driver/Src/stm32f4xx_hal_uart.o
                0x000000000800d13c                HAL_UART_RxHalfCpltCallback
 .text.HAL_UART_ErrorCallback
                0x000000000800d150       0x14 ./Drivers/STM32F4xx_HAL_Driver/Src/stm32f4xx_hal_uart.o
                0x000000000800d150                HAL_UART_ErrorCallback
 .text.HAL_UARTEx_RxEventCallback
                0x000000000800d164       0x18 ./Drivers/STM32F4xx_HAL_Driver/Src/stm32f4xx_hal_uart.o
                0x000000000800d164                HAL_UARTEx_RxEventCallback
 .text.UART_DMATransmitCplt
                0x000000000800d17c       0x9a ./Drivers/STM32F4xx_HAL_Driver/Src/stm32f4xx_hal_uart.o
 .text.UART_DMATxHalfCplt
                0x000000000800d216       0x1c ./Drivers/STM32F4xx_HAL_Driver/Src/stm32f4xx_hal_uart.o
 .text.UART_DMAReceiveCplt
                0x000000000800d232      0x12c ./Drivers/STM32F4xx_HAL_Driver/Src/stm32f4xx_hal_uart.o
 .text.UART_DMARxHalfCplt
                0x000000000800d35e       0x3c ./Drivers/STM32F4xx_HAL_Driver/Src/stm32f4xx_hal_uart.o
 .text.UART_DMAError
                0x000000000800d39a       0x94 ./Drivers/STM32F4xx_HAL_Driver/Src/stm32f4xx_hal_uart.o
 *fill*         0x000000000800d42e        0x2 
 .text.UART_Start_Receive_DMA
                0x000000000800d430      0x134 ./Drivers/STM32F4xx_HAL_Driver/Src/stm32f4xx_hal_uart.o
                0x000000000800d430                UART_Start_Receive_DMA
 .text.UART_EndTxTransfer
                0x000000000800d564       0x50 ./Drivers/STM32F4xx_HAL_Driver/Src/stm32f4xx_hal_uart.o
 .text.UART_EndRxTransfer
                0x000000000800d5b4       0xc6 ./Drivers/STM32F4xx_HAL_Driver/Src/stm32f4xx_hal_uart.o
 .text.UART_DMAAbortOnError
                0x000000000800d67a       0x28 ./Drivers/STM32F4xx_HAL_Driver/Src/stm32f4xx_hal_uart.o
 .text.UART_Transmit_IT
                0x000000000800d6a2       0xa0 ./Drivers/STM32F4xx_HAL_Driver/Src/stm32f4xx_hal_uart.o
 .text.UART_EndTransmit_IT
                0x000000000800d742       0x30 ./Drivers/STM32F4xx_HAL_Driver/Src/stm32f4xx_hal_uart.o
 .text.UART_Receive_IT
                0x000000000800d772      0x17c ./Drivers/STM32F4xx_HAL_Driver/Src/stm32f4xx_hal_uart.o
 *fill*         0x000000000800d8ee        0x2 
 .text.UART_SetConfig
                0x000000000800d8f0      0x4e8 ./Drivers/STM32F4xx_HAL_Driver/Src/stm32f4xx_hal_uart.o
 .text.atan2    0x000000000800ddd8        0x4 C:/ST/STM32CubeIDE_1.14.1/STM32CubeIDE/plugins/com.st.stm32cube.ide.mcu.externaltools.gnu-tools-for-stm32.11.3.rel1.win32_1.1.100.202309141235/tools/bin/../lib/gcc/arm-none-eabi/11.3.1/../../../../arm-none-eabi/lib/thumb/v7e-m+fp/hard\libm.a(libm_a-w_atan2.o)
                0x000000000800ddd8                atan2
 .text.sqrt     0x000000000800dddc       0x58 C:/ST/STM32CubeIDE_1.14.1/STM32CubeIDE/plugins/com.st.stm32cube.ide.mcu.externaltools.gnu-tools-for-stm32.11.3.rel1.win32_1.1.100.202309141235/tools/bin/../lib/gcc/arm-none-eabi/11.3.1/../../../../arm-none-eabi/lib/thumb/v7e-m+fp/hard\libm.a(libm_a-w_sqrt.o)
                0x000000000800dddc                sqrt
 .text.__ieee754_sqrt
                0x000000000800de34      0x1b4 C:/ST/STM32CubeIDE_1.14.1/STM32CubeIDE/plugins/com.st.stm32cube.ide.mcu.externaltools.gnu-tools-for-stm32.11.3.rel1.win32_1.1.100.202309141235/tools/bin/../lib/gcc/arm-none-eabi/11.3.1/../../../../arm-none-eabi/lib/thumb/v7e-m+fp/hard\libm.a(libm_a-e_sqrt.o)
                0x000000000800de34                __ieee754_sqrt
 .text.__ieee754_atan2
                0x000000000800dfe8      0x18c C:/ST/STM32CubeIDE_1.14.1/STM32CubeIDE/plugins/com.st.stm32cube.ide.mcu.externaltools.gnu-tools-for-stm32.11.3.rel1.win32_1.1.100.202309141235/tools/bin/../lib/gcc/arm-none-eabi/11.3.1/../../../../arm-none-eabi/lib/thumb/v7e-m+fp/hard\libm.a(libm_a-e_atan2.o)
                0x000000000800dfe8                __ieee754_atan2
 *fill*         0x000000000800e174        0x4 
 .text.atan     0x000000000800e178      0x340 C:/ST/STM32CubeIDE_1.14.1/STM32CubeIDE/plugins/com.st.stm32cube.ide.mcu.externaltools.gnu-tools-for-stm32.11.3.rel1.win32_1.1.100.202309141235/tools/bin/../lib/gcc/arm-none-eabi/11.3.1/../../../../arm-none-eabi/lib/thumb/v7e-m+fp/hard\libm.a(libm_a-s_atan.o)
                0x000000000800e178                atan
 .text.fabs     0x000000000800e4b8       0x12 C:/ST/STM32CubeIDE_1.14.1/STM32CubeIDE/plugins/com.st.stm32cube.ide.mcu.externaltools.gnu-tools-for-stm32.11.3.rel1.win32_1.1.100.202309141235/tools/bin/../lib/gcc/arm-none-eabi/11.3.1/../../../../arm-none-eabi/lib/thumb/v7e-m+fp/hard\libm.a(libm_a-s_fabs.o)
                0x000000000800e4b8                fabs
 *fill*         0x000000000800e4ca        0x2 
 .text.realloc  0x000000000800e4cc       0x10 C:/ST/STM32CubeIDE_1.14.1/STM32CubeIDE/plugins/com.st.stm32cube.ide.mcu.externaltools.gnu-tools-for-stm32.11.3.rel1.win32_1.1.100.202309141235/tools/bin/../lib/gcc/arm-none-eabi/11.3.1/../../../../arm-none-eabi/lib/thumb/v7e-m+fp/hard\libc_nano.a(libc_a-realloc.o)
                0x000000000800e4cc                realloc
 .text._realloc_r
                0x000000000800e4dc       0x5e C:/ST/STM32CubeIDE_1.14.1/STM32CubeIDE/plugins/com.st.stm32cube.ide.mcu.externaltools.gnu-tools-for-stm32.11.3.rel1.win32_1.1.100.202309141235/tools/bin/../lib/gcc/arm-none-eabi/11.3.1/../../../../arm-none-eabi/lib/thumb/v7e-m+fp/hard\libc_nano.a(libc_a-reallocr.o)
                0x000000000800e4dc                _realloc_r
 .text.__cvt    0x000000000800e53a       0xc4 C:/ST/STM32CubeIDE_1.14.1/STM32CubeIDE/plugins/com.st.stm32cube.ide.mcu.externaltools.gnu-tools-for-stm32.11.3.rel1.win32_1.1.100.202309141235/tools/bin/../lib/gcc/arm-none-eabi/11.3.1/../../../../arm-none-eabi/lib/thumb/v7e-m+fp/hard\libc_nano.a(libc_a-nano-vfprintf_float.o)
                0x000000000800e53a                __cvt
 .text.__exponent
                0x000000000800e5fe       0x7c C:/ST/STM32CubeIDE_1.14.1/STM32CubeIDE/plugins/com.st.stm32cube.ide.mcu.externaltools.gnu-tools-for-stm32.11.3.rel1.win32_1.1.100.202309141235/tools/bin/../lib/gcc/arm-none-eabi/11.3.1/../../../../arm-none-eabi/lib/thumb/v7e-m+fp/hard\libc_nano.a(libc_a-nano-vfprintf_float.o)
                0x000000000800e5fe                __exponent
 *fill*         0x000000000800e67a        0x2 
 .text._printf_float
                0x000000000800e67c      0x46c C:/ST/STM32CubeIDE_1.14.1/STM32CubeIDE/plugins/com.st.stm32cube.ide.mcu.externaltools.gnu-tools-for-stm32.11.3.rel1.win32_1.1.100.202309141235/tools/bin/../lib/gcc/arm-none-eabi/11.3.1/../../../../arm-none-eabi/lib/thumb/v7e-m+fp/hard\libc_nano.a(libc_a-nano-vfprintf_float.o)
                0x000000000800e67c                _printf_float
 .text._printf_common
                0x000000000800eae8       0xda C:/ST/STM32CubeIDE_1.14.1/STM32CubeIDE/plugins/com.st.stm32cube.ide.mcu.externaltools.gnu-tools-for-stm32.11.3.rel1.win32_1.1.100.202309141235/tools/bin/../lib/gcc/arm-none-eabi/11.3.1/../../../../arm-none-eabi/lib/thumb/v7e-m+fp/hard\libc_nano.a(libc_a-nano-vfprintf_i.o)
                0x000000000800eae8                _printf_common
 *fill*         0x000000000800ebc2        0x2 
 .text._printf_i
                0x000000000800ebc4      0x244 C:/ST/STM32CubeIDE_1.14.1/STM32CubeIDE/plugins/com.st.stm32cube.ide.mcu.externaltools.gnu-tools-for-stm32.11.3.rel1.win32_1.1.100.202309141235/tools/bin/../lib/gcc/arm-none-eabi/11.3.1/../../../../arm-none-eabi/lib/thumb/v7e-m+fp/hard\libc_nano.a(libc_a-nano-vfprintf_i.o)
                0x000000000800ebc4                _printf_i
 .text._scanf_float
                0x000000000800ee08      0x420 C:/ST/STM32CubeIDE_1.14.1/STM32CubeIDE/plugins/com.st.stm32cube.ide.mcu.externaltools.gnu-tools-for-stm32.11.3.rel1.win32_1.1.100.202309141235/tools/bin/../lib/gcc/arm-none-eabi/11.3.1/../../../../arm-none-eabi/lib/thumb/v7e-m+fp/hard\libc_nano.a(libc_a-nano-vfscanf_float.o)
                0x000000000800ee08                _scanf_float
 .text.std      0x000000000800f228       0x6c C:/ST/STM32CubeIDE_1.14.1/STM32CubeIDE/plugins/com.st.stm32cube.ide.mcu.externaltools.gnu-tools-for-stm32.11.3.rel1.win32_1.1.100.202309141235/tools/bin/../lib/gcc/arm-none-eabi/11.3.1/../../../../arm-none-eabi/lib/thumb/v7e-m+fp/hard\libc_nano.a(libc_a-findfp.o)
 .text.stdio_exit_handler
                0x000000000800f294       0x18 C:/ST/STM32CubeIDE_1.14.1/STM32CubeIDE/plugins/com.st.stm32cube.ide.mcu.externaltools.gnu-tools-for-stm32.11.3.rel1.win32_1.1.100.202309141235/tools/bin/../lib/gcc/arm-none-eabi/11.3.1/../../../../arm-none-eabi/lib/thumb/v7e-m+fp/hard\libc_nano.a(libc_a-findfp.o)
 .text.cleanup_stdio
                0x000000000800f2ac       0x40 C:/ST/STM32CubeIDE_1.14.1/STM32CubeIDE/plugins/com.st.stm32cube.ide.mcu.externaltools.gnu-tools-for-stm32.11.3.rel1.win32_1.1.100.202309141235/tools/bin/../lib/gcc/arm-none-eabi/11.3.1/../../../../arm-none-eabi/lib/thumb/v7e-m+fp/hard\libc_nano.a(libc_a-findfp.o)
 .text.global_stdio_init.part.0
                0x000000000800f2ec       0x3c C:/ST/STM32CubeIDE_1.14.1/STM32CubeIDE/plugins/com.st.stm32cube.ide.mcu.externaltools.gnu-tools-for-stm32.11.3.rel1.win32_1.1.100.202309141235/tools/bin/../lib/gcc/arm-none-eabi/11.3.1/../../../../arm-none-eabi/lib/thumb/v7e-m+fp/hard\libc_nano.a(libc_a-findfp.o)
 .text.__sfp_lock_acquire
                0x000000000800f328        0xc C:/ST/STM32CubeIDE_1.14.1/STM32CubeIDE/plugins/com.st.stm32cube.ide.mcu.externaltools.gnu-tools-for-stm32.11.3.rel1.win32_1.1.100.202309141235/tools/bin/../lib/gcc/arm-none-eabi/11.3.1/../../../../arm-none-eabi/lib/thumb/v7e-m+fp/hard\libc_nano.a(libc_a-findfp.o)
                0x000000000800f328                __sfp_lock_acquire
 .text.__sfp_lock_release
                0x000000000800f334        0xc C:/ST/STM32CubeIDE_1.14.1/STM32CubeIDE/plugins/com.st.stm32cube.ide.mcu.externaltools.gnu-tools-for-stm32.11.3.rel1.win32_1.1.100.202309141235/tools/bin/../lib/gcc/arm-none-eabi/11.3.1/../../../../arm-none-eabi/lib/thumb/v7e-m+fp/hard\libc_nano.a(libc_a-findfp.o)
                0x000000000800f334                __sfp_lock_release
 .text.__sinit  0x000000000800f340       0x30 C:/ST/STM32CubeIDE_1.14.1/STM32CubeIDE/plugins/com.st.stm32cube.ide.mcu.externaltools.gnu-tools-for-stm32.11.3.rel1.win32_1.1.100.202309141235/tools/bin/../lib/gcc/arm-none-eabi/11.3.1/../../../../arm-none-eabi/lib/thumb/v7e-m+fp/hard\libc_nano.a(libc_a-findfp.o)
                0x000000000800f340                __sinit
 .text._fwalk_sglue
                0x000000000800f370       0x3c C:/ST/STM32CubeIDE_1.14.1/STM32CubeIDE/plugins/com.st.stm32cube.ide.mcu.externaltools.gnu-tools-for-stm32.11.3.rel1.win32_1.1.100.202309141235/tools/bin/../lib/gcc/arm-none-eabi/11.3.1/../../../../arm-none-eabi/lib/thumb/v7e-m+fp/hard\libc_nano.a(libc_a-fwalk.o)
                0x000000000800f370                _fwalk_sglue
 .text.sprintf  0x000000000800f3ac       0x40 C:/ST/STM32CubeIDE_1.14.1/STM32CubeIDE/plugins/com.st.stm32cube.ide.mcu.externaltools.gnu-tools-for-stm32.11.3.rel1.win32_1.1.100.202309141235/tools/bin/../lib/gcc/arm-none-eabi/11.3.1/../../../../arm-none-eabi/lib/thumb/v7e-m+fp/hard\libc_nano.a(libc_a-sprintf.o)
                0x000000000800f3ac                siprintf
                0x000000000800f3ac                sprintf
 .text.__sread  0x000000000800f3ec       0x22 C:/ST/STM32CubeIDE_1.14.1/STM32CubeIDE/plugins/com.st.stm32cube.ide.mcu.externaltools.gnu-tools-for-stm32.11.3.rel1.win32_1.1.100.202309141235/tools/bin/../lib/gcc/arm-none-eabi/11.3.1/../../../../arm-none-eabi/lib/thumb/v7e-m+fp/hard\libc_nano.a(libc_a-stdio.o)
                0x000000000800f3ec                __sread
 .text.__swrite
                0x000000000800f40e       0x38 C:/ST/STM32CubeIDE_1.14.1/STM32CubeIDE/plugins/com.st.stm32cube.ide.mcu.externaltools.gnu-tools-for-stm32.11.3.rel1.win32_1.1.100.202309141235/tools/bin/../lib/gcc/arm-none-eabi/11.3.1/../../../../arm-none-eabi/lib/thumb/v7e-m+fp/hard\libc_nano.a(libc_a-stdio.o)
                0x000000000800f40e                __swrite
 .text.__sseek  0x000000000800f446       0x24 C:/ST/STM32CubeIDE_1.14.1/STM32CubeIDE/plugins/com.st.stm32cube.ide.mcu.externaltools.gnu-tools-for-stm32.11.3.rel1.win32_1.1.100.202309141235/tools/bin/../lib/gcc/arm-none-eabi/11.3.1/../../../../arm-none-eabi/lib/thumb/v7e-m+fp/hard\libc_nano.a(libc_a-stdio.o)
                0x000000000800f446                __sseek
 .text.__sclose
                0x000000000800f46a        0x8 C:/ST/STM32CubeIDE_1.14.1/STM32CubeIDE/plugins/com.st.stm32cube.ide.mcu.externaltools.gnu-tools-for-stm32.11.3.rel1.win32_1.1.100.202309141235/tools/bin/../lib/gcc/arm-none-eabi/11.3.1/../../../../arm-none-eabi/lib/thumb/v7e-m+fp/hard\libc_nano.a(libc_a-stdio.o)
                0x000000000800f46a                __sclose
 .text.memset   0x000000000800f472       0x10 C:/ST/STM32CubeIDE_1.14.1/STM32CubeIDE/plugins/com.st.stm32cube.ide.mcu.externaltools.gnu-tools-for-stm32.11.3.rel1.win32_1.1.100.202309141235/tools/bin/../lib/gcc/arm-none-eabi/11.3.1/../../../../arm-none-eabi/lib/thumb/v7e-m+fp/hard\libc_nano.a(libc_a-memset.o)
                0x000000000800f472                memset
 *fill*         0x000000000800f482        0x2 
 .text._localeconv_r
                0x000000000800f484        0x8 C:/ST/STM32CubeIDE_1.14.1/STM32CubeIDE/plugins/com.st.stm32cube.ide.mcu.externaltools.gnu-tools-for-stm32.11.3.rel1.win32_1.1.100.202309141235/tools/bin/../lib/gcc/arm-none-eabi/11.3.1/../../../../arm-none-eabi/lib/thumb/v7e-m+fp/hard\libc_nano.a(libc_a-localeconv.o)
                0x000000000800f484                _localeconv_r
 .text._close_r
                0x000000000800f48c       0x20 C:/ST/STM32CubeIDE_1.14.1/STM32CubeIDE/plugins/com.st.stm32cube.ide.mcu.externaltools.gnu-tools-for-stm32.11.3.rel1.win32_1.1.100.202309141235/tools/bin/../lib/gcc/arm-none-eabi/11.3.1/../../../../arm-none-eabi/lib/thumb/v7e-m+fp/hard\libc_nano.a(libc_a-closer.o)
                0x000000000800f48c                _close_r
 .text._lseek_r
                0x000000000800f4ac       0x24 C:/ST/STM32CubeIDE_1.14.1/STM32CubeIDE/plugins/com.st.stm32cube.ide.mcu.externaltools.gnu-tools-for-stm32.11.3.rel1.win32_1.1.100.202309141235/tools/bin/../lib/gcc/arm-none-eabi/11.3.1/../../../../arm-none-eabi/lib/thumb/v7e-m+fp/hard\libc_nano.a(libc_a-lseekr.o)
                0x000000000800f4ac                _lseek_r
 .text._read_r  0x000000000800f4d0       0x24 C:/ST/STM32CubeIDE_1.14.1/STM32CubeIDE/plugins/com.st.stm32cube.ide.mcu.externaltools.gnu-tools-for-stm32.11.3.rel1.win32_1.1.100.202309141235/tools/bin/../lib/gcc/arm-none-eabi/11.3.1/../../../../arm-none-eabi/lib/thumb/v7e-m+fp/hard\libc_nano.a(libc_a-readr.o)
                0x000000000800f4d0                _read_r
 .text._write_r
                0x000000000800f4f4       0x24 C:/ST/STM32CubeIDE_1.14.1/STM32CubeIDE/plugins/com.st.stm32cube.ide.mcu.externaltools.gnu-tools-for-stm32.11.3.rel1.win32_1.1.100.202309141235/tools/bin/../lib/gcc/arm-none-eabi/11.3.1/../../../../arm-none-eabi/lib/thumb/v7e-m+fp/hard\libc_nano.a(libc_a-writer.o)
                0x000000000800f4f4                _write_r
 .text.__errno  0x000000000800f518        0xc C:/ST/STM32CubeIDE_1.14.1/STM32CubeIDE/plugins/com.st.stm32cube.ide.mcu.externaltools.gnu-tools-for-stm32.11.3.rel1.win32_1.1.100.202309141235/tools/bin/../lib/gcc/arm-none-eabi/11.3.1/../../../../arm-none-eabi/lib/thumb/v7e-m+fp/hard\libc_nano.a(libc_a-errno.o)
                0x000000000800f518                __errno
 .text.__libc_init_array
                0x000000000800f524       0x48 C:/ST/STM32CubeIDE_1.14.1/STM32CubeIDE/plugins/com.st.stm32cube.ide.mcu.externaltools.gnu-tools-for-stm32.11.3.rel1.win32_1.1.100.202309141235/tools/bin/../lib/gcc/arm-none-eabi/11.3.1/../../../../arm-none-eabi/lib/thumb/v7e-m+fp/hard\libc_nano.a(libc_a-init.o)
                0x000000000800f524                __libc_init_array
 .text.__retarget_lock_init_recursive
                0x000000000800f56c        0x2 C:/ST/STM32CubeIDE_1.14.1/STM32CubeIDE/plugins/com.st.stm32cube.ide.mcu.externaltools.gnu-tools-for-stm32.11.3.rel1.win32_1.1.100.202309141235/tools/bin/../lib/gcc/arm-none-eabi/11.3.1/../../../../arm-none-eabi/lib/thumb/v7e-m+fp/hard\libc_nano.a(libc_a-lock.o)
                0x000000000800f56c                __retarget_lock_init_recursive
 .text.__retarget_lock_acquire_recursive
                0x000000000800f56e        0x2 C:/ST/STM32CubeIDE_1.14.1/STM32CubeIDE/plugins/com.st.stm32cube.ide.mcu.externaltools.gnu-tools-for-stm32.11.3.rel1.win32_1.1.100.202309141235/tools/bin/../lib/gcc/arm-none-eabi/11.3.1/../../../../arm-none-eabi/lib/thumb/v7e-m+fp/hard\libc_nano.a(libc_a-lock.o)
                0x000000000800f56e                __retarget_lock_acquire_recursive
 .text.__retarget_lock_release_recursive
                0x000000000800f570        0x2 C:/ST/STM32CubeIDE_1.14.1/STM32CubeIDE/plugins/com.st.stm32cube.ide.mcu.externaltools.gnu-tools-for-stm32.11.3.rel1.win32_1.1.100.202309141235/tools/bin/../lib/gcc/arm-none-eabi/11.3.1/../../../../arm-none-eabi/lib/thumb/v7e-m+fp/hard\libc_nano.a(libc_a-lock.o)
                0x000000000800f570                __retarget_lock_release_recursive
 .text.memcpy   0x000000000800f572       0x1c C:/ST/STM32CubeIDE_1.14.1/STM32CubeIDE/plugins/com.st.stm32cube.ide.mcu.externaltools.gnu-tools-for-stm32.11.3.rel1.win32_1.1.100.202309141235/tools/bin/../lib/gcc/arm-none-eabi/11.3.1/../../../../arm-none-eabi/lib/thumb/v7e-m+fp/hard\libc_nano.a(libc_a-memcpy-stub.o)
                0x000000000800f572                memcpy
 *fill*         0x000000000800f58e        0x2 
 .text.nanf     0x000000000800f590        0xc C:/ST/STM32CubeIDE_1.14.1/STM32CubeIDE/plugins/com.st.stm32cube.ide.mcu.externaltools.gnu-tools-for-stm32.11.3.rel1.win32_1.1.100.202309141235/tools/bin/../lib/gcc/arm-none-eabi/11.3.1/../../../../arm-none-eabi/lib/thumb/v7e-m+fp/hard\libc_nano.a(libm_a-sf_nan.o)
                0x000000000800f590                nanf
 .text.quorem   0x000000000800f59c      0x110 C:/ST/STM32CubeIDE_1.14.1/STM32CubeIDE/plugins/com.st.stm32cube.ide.mcu.externaltools.gnu-tools-for-stm32.11.3.rel1.win32_1.1.100.202309141235/tools/bin/../lib/gcc/arm-none-eabi/11.3.1/../../../../arm-none-eabi/lib/thumb/v7e-m+fp/hard\libc_nano.a(libc_a-dtoa.o)
 *fill*         0x000000000800f6ac        0x4 
 .text._dtoa_r  0x000000000800f6b0      0xbe4 C:/ST/STM32CubeIDE_1.14.1/STM32CubeIDE/plugins/com.st.stm32cube.ide.mcu.externaltools.gnu-tools-for-stm32.11.3.rel1.win32_1.1.100.202309141235/tools/bin/../lib/gcc/arm-none-eabi/11.3.1/../../../../arm-none-eabi/lib/thumb/v7e-m+fp/hard\libc_nano.a(libc_a-dtoa.o)
                0x000000000800f6b0                _dtoa_r
 .text._free_r  0x0000000008010294       0x98 C:/ST/STM32CubeIDE_1.14.1/STM32CubeIDE/plugins/com.st.stm32cube.ide.mcu.externaltools.gnu-tools-for-stm32.11.3.rel1.win32_1.1.100.202309141235/tools/bin/../lib/gcc/arm-none-eabi/11.3.1/../../../../arm-none-eabi/lib/thumb/v7e-m+fp/hard\libc_nano.a(libc_a-freer.o)
                0x0000000008010294                _free_r
 .text.malloc   0x000000000801032c       0x10 C:/ST/STM32CubeIDE_1.14.1/STM32CubeIDE/plugins/com.st.stm32cube.ide.mcu.externaltools.gnu-tools-for-stm32.11.3.rel1.win32_1.1.100.202309141235/tools/bin/../lib/gcc/arm-none-eabi/11.3.1/../../../../arm-none-eabi/lib/thumb/v7e-m+fp/hard\libc_nano.a(libc_a-malloc.o)
                0x000000000801032c                malloc
 .text.sbrk_aligned
                0x000000000801033c       0x40 C:/ST/STM32CubeIDE_1.14.1/STM32CubeIDE/plugins/com.st.stm32cube.ide.mcu.externaltools.gnu-tools-for-stm32.11.3.rel1.win32_1.1.100.202309141235/tools/bin/../lib/gcc/arm-none-eabi/11.3.1/../../../../arm-none-eabi/lib/thumb/v7e-m+fp/hard\libc_nano.a(libc_a-mallocr.o)
 .text._malloc_r
                0x000000000801037c      0x100 C:/ST/STM32CubeIDE_1.14.1/STM32CubeIDE/plugins/com.st.stm32cube.ide.mcu.externaltools.gnu-tools-for-stm32.11.3.rel1.win32_1.1.100.202309141235/tools/bin/../lib/gcc/arm-none-eabi/11.3.1/../../../../arm-none-eabi/lib/thumb/v7e-m+fp/hard\libc_nano.a(libc_a-mallocr.o)
                0x000000000801037c                _malloc_r
 .text.__malloc_lock
                0x000000000801047c        0xc C:/ST/STM32CubeIDE_1.14.1/STM32CubeIDE/plugins/com.st.stm32cube.ide.mcu.externaltools.gnu-tools-for-stm32.11.3.rel1.win32_1.1.100.202309141235/tools/bin/../lib/gcc/arm-none-eabi/11.3.1/../../../../arm-none-eabi/lib/thumb/v7e-m+fp/hard\libc_nano.a(libc_a-mlock.o)
                0x000000000801047c                __malloc_lock
 .text.__malloc_unlock
                0x0000000008010488        0xc C:/ST/STM32CubeIDE_1.14.1/STM32CubeIDE/plugins/com.st.stm32cube.ide.mcu.externaltools.gnu-tools-for-stm32.11.3.rel1.win32_1.1.100.202309141235/tools/bin/../lib/gcc/arm-none-eabi/11.3.1/../../../../arm-none-eabi/lib/thumb/v7e-m+fp/hard\libc_nano.a(libc_a-mlock.o)
                0x0000000008010488                __malloc_unlock
 .text._Balloc  0x0000000008010494       0x80 C:/ST/STM32CubeIDE_1.14.1/STM32CubeIDE/plugins/com.st.stm32cube.ide.mcu.externaltools.gnu-tools-for-stm32.11.3.rel1.win32_1.1.100.202309141235/tools/bin/../lib/gcc/arm-none-eabi/11.3.1/../../../../arm-none-eabi/lib/thumb/v7e-m+fp/hard\libc_nano.a(libc_a-mprec.o)
                0x0000000008010494                _Balloc
 .text._Bfree   0x0000000008010514       0x44 C:/ST/STM32CubeIDE_1.14.1/STM32CubeIDE/plugins/com.st.stm32cube.ide.mcu.externaltools.gnu-tools-for-stm32.11.3.rel1.win32_1.1.100.202309141235/tools/bin/../lib/gcc/arm-none-eabi/11.3.1/../../../../arm-none-eabi/lib/thumb/v7e-m+fp/hard\libc_nano.a(libc_a-mprec.o)
                0x0000000008010514                _Bfree
 .text.__multadd
                0x0000000008010558       0x8c C:/ST/STM32CubeIDE_1.14.1/STM32CubeIDE/plugins/com.st.stm32cube.ide.mcu.externaltools.gnu-tools-for-stm32.11.3.rel1.win32_1.1.100.202309141235/tools/bin/../lib/gcc/arm-none-eabi/11.3.1/../../../../arm-none-eabi/lib/thumb/v7e-m+fp/hard\libc_nano.a(libc_a-mprec.o)
                0x0000000008010558                __multadd
 .text.__s2b    0x00000000080105e4       0x94 C:/ST/STM32CubeIDE_1.14.1/STM32CubeIDE/plugins/com.st.stm32cube.ide.mcu.externaltools.gnu-tools-for-stm32.11.3.rel1.win32_1.1.100.202309141235/tools/bin/../lib/gcc/arm-none-eabi/11.3.1/../../../../arm-none-eabi/lib/thumb/v7e-m+fp/hard\libc_nano.a(libc_a-mprec.o)
                0x00000000080105e4                __s2b
 .text.__hi0bits
                0x0000000008010678       0x40 C:/ST/STM32CubeIDE_1.14.1/STM32CubeIDE/plugins/com.st.stm32cube.ide.mcu.externaltools.gnu-tools-for-stm32.11.3.rel1.win32_1.1.100.202309141235/tools/bin/../lib/gcc/arm-none-eabi/11.3.1/../../../../arm-none-eabi/lib/thumb/v7e-m+fp/hard\libc_nano.a(libc_a-mprec.o)
                0x0000000008010678                __hi0bits
 .text.__lo0bits
                0x00000000080106b8       0x5a C:/ST/STM32CubeIDE_1.14.1/STM32CubeIDE/plugins/com.st.stm32cube.ide.mcu.externaltools.gnu-tools-for-stm32.11.3.rel1.win32_1.1.100.202309141235/tools/bin/../lib/gcc/arm-none-eabi/11.3.1/../../../../arm-none-eabi/lib/thumb/v7e-m+fp/hard\libc_nano.a(libc_a-mprec.o)
                0x00000000080106b8                __lo0bits
 *fill*         0x0000000008010712        0x2 
 .text.__i2b    0x0000000008010714       0x2c C:/ST/STM32CubeIDE_1.14.1/STM32CubeIDE/plugins/com.st.stm32cube.ide.mcu.externaltools.gnu-tools-for-stm32.11.3.rel1.win32_1.1.100.202309141235/tools/bin/../lib/gcc/arm-none-eabi/11.3.1/../../../../arm-none-eabi/lib/thumb/v7e-m+fp/hard\libc_nano.a(libc_a-mprec.o)
                0x0000000008010714                __i2b
 .text.__multiply
                0x0000000008010740      0x154 C:/ST/STM32CubeIDE_1.14.1/STM32CubeIDE/plugins/com.st.stm32cube.ide.mcu.externaltools.gnu-tools-for-stm32.11.3.rel1.win32_1.1.100.202309141235/tools/bin/../lib/gcc/arm-none-eabi/11.3.1/../../../../arm-none-eabi/lib/thumb/v7e-m+fp/hard\libc_nano.a(libc_a-mprec.o)
                0x0000000008010740                __multiply
 .text.__pow5mult
                0x0000000008010894       0xb4 C:/ST/STM32CubeIDE_1.14.1/STM32CubeIDE/plugins/com.st.stm32cube.ide.mcu.externaltools.gnu-tools-for-stm32.11.3.rel1.win32_1.1.100.202309141235/tools/bin/../lib/gcc/arm-none-eabi/11.3.1/../../../../arm-none-eabi/lib/thumb/v7e-m+fp/hard\libc_nano.a(libc_a-mprec.o)
                0x0000000008010894                __pow5mult
 .text.__lshift
                0x0000000008010948       0xd8 C:/ST/STM32CubeIDE_1.14.1/STM32CubeIDE/plugins/com.st.stm32cube.ide.mcu.externaltools.gnu-tools-for-stm32.11.3.rel1.win32_1.1.100.202309141235/tools/bin/../lib/gcc/arm-none-eabi/11.3.1/../../../../arm-none-eabi/lib/thumb/v7e-m+fp/hard\libc_nano.a(libc_a-mprec.o)
                0x0000000008010948                __lshift
 .text.__mcmp   0x0000000008010a20       0x38 C:/ST/STM32CubeIDE_1.14.1/STM32CubeIDE/plugins/com.st.stm32cube.ide.mcu.externaltools.gnu-tools-for-stm32.11.3.rel1.win32_1.1.100.202309141235/tools/bin/../lib/gcc/arm-none-eabi/11.3.1/../../../../arm-none-eabi/lib/thumb/v7e-m+fp/hard\libc_nano.a(libc_a-mprec.o)
                0x0000000008010a20                __mcmp
 .text.__mdiff  0x0000000008010a58      0x114 C:/ST/STM32CubeIDE_1.14.1/STM32CubeIDE/plugins/com.st.stm32cube.ide.mcu.externaltools.gnu-tools-for-stm32.11.3.rel1.win32_1.1.100.202309141235/tools/bin/../lib/gcc/arm-none-eabi/11.3.1/../../../../arm-none-eabi/lib/thumb/v7e-m+fp/hard\libc_nano.a(libc_a-mprec.o)
                0x0000000008010a58                __mdiff
 .text.__ulp    0x0000000008010b6c       0x4c C:/ST/STM32CubeIDE_1.14.1/STM32CubeIDE/plugins/com.st.stm32cube.ide.mcu.externaltools.gnu-tools-for-stm32.11.3.rel1.win32_1.1.100.202309141235/tools/bin/../lib/gcc/arm-none-eabi/11.3.1/../../../../arm-none-eabi/lib/thumb/v7e-m+fp/hard\libc_nano.a(libc_a-mprec.o)
                0x0000000008010b6c                __ulp
 .text.__b2d    0x0000000008010bb8       0x94 C:/ST/STM32CubeIDE_1.14.1/STM32CubeIDE/plugins/com.st.stm32cube.ide.mcu.externaltools.gnu-tools-for-stm32.11.3.rel1.win32_1.1.100.202309141235/tools/bin/../lib/gcc/arm-none-eabi/11.3.1/../../../../arm-none-eabi/lib/thumb/v7e-m+fp/hard\libc_nano.a(libc_a-mprec.o)
                0x0000000008010bb8                __b2d
 .text.__d2b    0x0000000008010c4c       0xb4 C:/ST/STM32CubeIDE_1.14.1/STM32CubeIDE/plugins/com.st.stm32cube.ide.mcu.externaltools.gnu-tools-for-stm32.11.3.rel1.win32_1.1.100.202309141235/tools/bin/../lib/gcc/arm-none-eabi/11.3.1/../../../../arm-none-eabi/lib/thumb/v7e-m+fp/hard\libc_nano.a(libc_a-mprec.o)
                0x0000000008010c4c                __d2b
 .text.__ratio  0x0000000008010d00       0x66 C:/ST/STM32CubeIDE_1.14.1/STM32CubeIDE/plugins/com.st.stm32cube.ide.mcu.externaltools.gnu-tools-for-stm32.11.3.rel1.win32_1.1.100.202309141235/tools/bin/../lib/gcc/arm-none-eabi/11.3.1/../../../../arm-none-eabi/lib/thumb/v7e-m+fp/hard\libc_nano.a(libc_a-mprec.o)
                0x0000000008010d00                __ratio
 .text.__copybits