../Core/Src/main.cpp:120:5:int main()	152	static
../Core/Src/main.cpp:265:6:void SystemClock_Config()	88	static
../Core/Src/main.cpp:319:13:void MX_I2C1_Init()	8	static
../Core/Src/main.cpp:353:13:void MX_TIM1_Init()	56	static
../Core/Src/main.cpp:403:13:void MX_TIM2_Init()	48	static
../Core/Src/main.cpp:464:13:void MX_TIM3_Init()	56	static
../Core/Src/main.cpp:513:13:void MX_TIM4_Init()	32	static
../Core/Src/main.cpp:558:13:void MX_TIM5_Init()	56	static
../Core/Src/main.cpp:607:13:void MX_TIM8_Init()	56	static
../Core/Src/main.cpp:657:13:void MX_USART1_UART_Init()	8	static
../Core/Src/main.cpp:690:13:void MX_GPIO_Init()	48	static
../Core/Src/main.cpp:729:6:void HAL_TIM_PeriodElapsedCallback(TIM_HandleTypeDef*)	16	static
../Core/Src/main.cpp:759:6:void motor_front_left_drive(double)	32	static
../Core/Src/main.cpp:787:6:void motor_front_right_drive(double)	32	static
../Core/Src/main.cpp:815:6:void motor_rear_left_drive(double)	32	static
../Core/Src/main.cpp:843:6:void motor_rear_right_drive(double)	32	static
../Core/Src/main.cpp:871:6:void motor_initData(Motor_Speed_Data_Typedef*)	16	static
../Core/Src/main.cpp:885:6:void Error_Handler()	4	static,ignoring_inline_asm
../Core/Src/main.cpp:894:1:void __static_initialization_and_destruction_0(int, int)	16	static
../Core/Src/main.cpp:894:1:cpp)	8	static
